MPLINK 3.90, Linker
Linker Map File - Created Thu Apr 14 19:56:03 2011

                                 Section Info
                  Section       Type    Address   Location Size(Bytes)
                ---------  ---------  ---------  ---------  ---------
               _entry_scn       code   0x000800    program   0x000006
         .code_terminal.o       code   0x000806    program   0x000002
      InterruptVectorHigh       code   0x000808    program   0x000006
          .code_adcbusy.o       code   0x00080e    program   0x00000a
       InterruptVectorLow       code   0x000818    program   0x000006
                   .cinit    romdata   0x00081e    program   0x000062
.code_user_routines_fast.o       code   0x000880    program   0x001264
         .code_vfprintf.o       code   0x001ae4    program   0x000c22
    .code_user_routines.o       code   0x002706    program   0x000a76
           .code_camera.o       code   0x00317c    program   0x000876
      .code_ifi_library.o       code   0x0039f2    program   0x00071c
              .code_pid.o       code   0x00410e    program   0x0005d6
              .code_adc.o       code   0x0046e4    program   0x0003fc
         .code_tracking.o       code   0x004ae0    program   0x0003ec
                 UTIL_LIB       code   0x004ecc    program   0x000396
     .code_serial_ports.o       code   0x005262    program   0x0002d4
             .code_gyro.o       code   0x005536    program   0x0002a6
    .code_ifi_utilities.o       code   0x0057dc    program   0x0001de
              .code_pwm.o       code   0x0059ba    program   0x0001ac
          .code_encoder.o       code   0x005b66    program   0x00013e
                     PROG       code   0x005ca4    program   0x00010e
             .stringtable    romdata   0x005db2    program   0x000108
      .romdata_tracking.o    romdata   0x005eba    program   0x000100
               _cinit_scn       code   0x005fba    program   0x00009e
           .code_printf.o       code   0x006058    program   0x000094
             .code_putc.o       code   0x0060ec    program   0x000084
          .code_fxm3232.o       code   0x006170    program   0x000070
          .code_adcopen.o       code   0x0061e0    program   0x000068
                   STRING       code   0x006248    program   0x000066
         .code_spi1open.o       code   0x0062ae    program   0x000066
           .code_u1open.o       code   0x006314    program   0x000064
         .code_fxd3232u.o       code   0x006378    program   0x000048
          .code_adcread.o       code   0x0063c0    program   0x00003e
         .code_fxd1616u.o       code   0x0063fe    program   0x00002c
             .code_main.o       code   0x00642a    program   0x000028
                    CTYPE       code   0x006452    program   0x000024
             _startup_scn       code   0x006476    program   0x000020
              D1KTCYXCODE       code   0x006496    program   0x000020
                    STDIO       code   0x0064b6    program   0x00001c
         .code_fxd0808u.o       code   0x0064d2    program   0x00001c
              D10TCYXCODE       code   0x0064ee    program   0x000016
      .romdata_vfprintf.o    romdata   0x006504    program   0x000011
      .idata_fxd3232u.o_i    romdata   0x006515    program   0x000000
      .idata_fxd1616u.o_i    romdata   0x006515    program   0x000000
      .romdata_fxd3232u.o    romdata   0x006515    program   0x000000
       .idata_fxm3232.o_i    romdata   0x006515    program   0x000000
       .romdata_fxm3232.o    romdata   0x006515    program   0x000000
      .romdata_fxd1616u.o    romdata   0x006515    program   0x000000
   .idata_ifi_library.o_i    romdata   0x006515    program   0x000000
   .romdata_ifi_library.o    romdata   0x006515    program   0x000000
          .romdata_putc.o    romdata   0x006515    program   0x000000
          .idata_putc.o_i    romdata   0x006515    program   0x000000
        .idata_u1open.o_i    romdata   0x006515    program   0x000000
        .romdata_u1open.o    romdata   0x006515    program   0x000000
       .idata_adcopen.o_i    romdata   0x006515    program   0x000000
       .romdata_adcopen.o    romdata   0x006515    program   0x000000
      .idata_spi1open.o_i    romdata   0x006515    program   0x000000
      .romdata_spi1open.o    romdata   0x006515    program   0x000000
      .idata_vfprintf.o_i    romdata   0x006515    program   0x000000
        .romdata_stdout.o    romdata   0x006515    program   0x000000
       .idata_adcread.o_i    romdata   0x006515    program   0x000000
       .romdata_adcread.o    romdata   0x006515    program   0x000000
        .romdata_printf.o    romdata   0x006515    program   0x000000
        .idata_printf.o_i    romdata   0x006515    program   0x000000
        .romdata_camera.o    romdata   0x006515    program   0x000000
   .idata_ifi_startup.o_i    romdata   0x006515    program   0x000000
   .romdata_ifi_startup.o    romdata   0x006515    program   0x000000
 .romdata_ifi_utilities.o    romdata   0x006515    program   0x000000
          .idata_main.o_i    romdata   0x006515    program   0x000000
          .romdata_main.o    romdata   0x006515    program   0x000000
  .romdata_serial_ports.o    romdata   0x006515    program   0x000000
      .idata_terminal.o_i    romdata   0x006515    program   0x000000
      .romdata_terminal.o    romdata   0x006515    program   0x000000
 .romdata_user_routines.o    romdata   0x006515    program   0x000000
.idata_user_routines_fast.o_i    romdata   0x006515    program   0x000000
.romdata_user_routines_fast.o    romdata   0x006515    program   0x000000
           .idata_pwm.o_i    romdata   0x006515    program   0x000000
           .romdata_pwm.o    romdata   0x006515    program   0x000000
       .romdata_encoder.o    romdata   0x006515    program   0x000000
           .idata_pid.o_i    romdata   0x006515    program   0x000000
           .romdata_pid.o    romdata   0x006515    program   0x000000
          .idata_gyro.o_i    romdata   0x006515    program   0x000000
      .romdata_fxd0808u.o    romdata   0x006515    program   0x000000
          .romdata_gyro.o    romdata   0x006515    program   0x000000
           .idata_adc.o_i    romdata   0x006515    program   0x000001
           .romdata_adc.o    romdata   0x006515    program   0x000000
       .idata_adcbusy.o_i    romdata   0x006515    program   0x000000
       .romdata_adcbusy.o    romdata   0x006515    program   0x000000
       .idata_adcconv.o_i    romdata   0x006515    program   0x000000
      .idata_fxd0808u.o_i    romdata   0x006515    program   0x000000
      .idata_adcclose.o_i    romdata   0x006515    program   0x000000
       .romdata_adcconv.o    romdata   0x006515    program   0x000000
      .romdata_adcclose.o    romdata   0x006515    program   0x000000
         .code_adcclose.o       code   0x006516    program   0x000006
          .code_adcconv.o       code   0x00651c    program   0x000004
 .idata_user_routines.o_i    romdata   0x006520    program   0x00001c
      .idata_tracking.o_i    romdata   0x00653c    program   0x000004
        .idata_stdout.o_i    romdata   0x006540    program   0x000002
  .idata_serial_ports.o_i    romdata   0x006542    program   0x000019
 .idata_ifi_utilities.o_i    romdata   0x00655b    program   0x000004
       .idata_encoder.o_i    romdata   0x00655f    program   0x000009
        .idata_camera.o_i    romdata   0x006568    program   0x00000a
           .code_stdout.o       code   0x006572    program   0x000000
      .code_ifi_startup.o       code   0x006572    program   0x000000
                  .config       code   0x300000    program   0x00000e
                  SPI_VAR      udata   0x000000       data   0x000017
                MATH_DATA      udata   0x000017       data   0x000014
                 .tmpdata      udata   0x00002b       data   0x00000a
                DELAYDAT1      udata   0x000035       data   0x000001
                 COPY_VAR      udata   0x000080       data   0x000080
    .udata_serial_ports.o      udata   0x000100       data   0x000080
   .udata_user_routines.o      udata   0x000180       data   0x00004d
   .idata_user_routines.o      idata   0x0001cd       data   0x00001c
             .udata_adc.o      udata   0x0001e9       data   0x000015
          .idata_stdout.o      idata   0x0001fe       data   0x000002
            .udata_main.o      udata   0x000200       data   0x000041
          .udata_camera.o      udata   0x000241       data   0x000035
    .idata_serial_ports.o      idata   0x000276       data   0x000019
            .udata_gyro.o      udata   0x00028f       data   0x00000f
     .udata_ifi_library.o      udata   0x00029e       data   0x00000d
     .udata_ifi_startup.o      udata   0x0002ab       data   0x00000a
          .idata_camera.o      idata   0x0002b5       data   0x00000a
         .idata_encoder.o      idata   0x0002bf       data   0x000009
   .udata_ifi_utilities.o      udata   0x0002c8       data   0x000004
        .idata_tracking.o      idata   0x0002cc       data   0x000004
   .idata_ifi_utilities.o      idata   0x0002d0       data   0x000004
             .idata_adc.o      idata   0x0002d4       data   0x000001
         .udata_adcopen.o      udata   0x0002d5       data   0x000000
          .idata_u1open.o      idata   0x0002d5       data   0x000000
          .udata_u1open.o      udata   0x0002d5       data   0x000000
     .idata_ifi_library.o      idata   0x0002d5       data   0x000000
         .idata_fxm3232.o      idata   0x0002d5       data   0x000000
         .udata_fxm3232.o      udata   0x0002d5       data   0x000000
        .idata_fxd3232u.o      idata   0x0002d5       data   0x000000
        .udata_fxd3232u.o      udata   0x0002d5       data   0x000000
        .idata_fxd1616u.o      idata   0x0002d5       data   0x000000
         .idata_adcopen.o      idata   0x0002d5       data   0x000000
        .udata_spi1open.o      udata   0x0002d5       data   0x000000
        .idata_spi1open.o      idata   0x0002d5       data   0x000000
         .udata_adcread.o      udata   0x0002d5       data   0x000000
         .idata_adcread.o      idata   0x0002d5       data   0x000000
          .udata_printf.o      udata   0x0002d5       data   0x000000
          .idata_printf.o      idata   0x0002d5       data   0x000000
          .udata_stdout.o      udata   0x0002d5       data   0x000000
        .udata_vfprintf.o      udata   0x0002d5       data   0x000000
        .idata_vfprintf.o      idata   0x0002d5       data   0x000000
            .udata_putc.o      udata   0x0002d5       data   0x000000
            .idata_putc.o      idata   0x0002d5       data   0x000000
        .udata_terminal.o      udata   0x0002d5       data   0x000000
        .idata_terminal.o      idata   0x0002d5       data   0x000000
        .udata_tracking.o      udata   0x0002d5       data   0x000000
            .idata_main.o      idata   0x0002d5       data   0x000000
.udata_user_routines_fast.o      udata   0x0002d5       data   0x000000
.idata_user_routines_fast.o      idata   0x0002d5       data   0x000000
             .udata_pwm.o      udata   0x0002d5       data   0x000000
             .idata_pwm.o      idata   0x0002d5       data   0x000000
         .udata_encoder.o      udata   0x0002d5       data   0x000000
             .udata_pid.o      udata   0x0002d5       data   0x000000
             .idata_pid.o      idata   0x0002d5       data   0x000000
            .idata_gyro.o      idata   0x0002d5       data   0x000000
         .udata_adcbusy.o      udata   0x0002d5       data   0x000000
         .idata_adcbusy.o      idata   0x0002d5       data   0x000000
     .idata_ifi_startup.o      idata   0x0002d5       data   0x000000
        .udata_adcclose.o      udata   0x0002d5       data   0x000000
        .idata_adcclose.o      idata   0x0002d5       data   0x000000
         .udata_adcconv.o      udata   0x0002d5       data   0x000000
         .idata_adcconv.o      idata   0x0002d5       data   0x000000
        .udata_fxd0808u.o      udata   0x0002d5       data   0x000000
        .idata_fxd0808u.o      idata   0x0002d5       data   0x000000
        .udata_fxd1616u.o      udata   0x0002d5       data   0x000000
                   .stack      udata   0x000e00       data   0x000100
            SFR_UNBANKED0      udata   0x000f62       data   0x00009e



                              Program Memory Usage 
                               Start         End      
                           ---------   ---------      
                            0x000800    0x006571      
                            0x300000    0x30000d      
            23936 out of 132120 program addresses used, program memory utilization is 18%



                              Symbols - Sorted by Name
                     Name    Address   Location    Storage File                     
                ---------  ---------  ---------  --------- ---------                
          ADC_Int_Handler   0x004942    program     extern C:\Users\Phil\Documents\UberBots\Old Robot Stuff\FRC\2007\PACode - 22007 FINAL\adc.c
                  Adj_lp4   0x005258    program     static C:\mcc18\Projects\EduCode\Util_lib.asm
                  Adjust4   0x005254    program     static C:\mcc18\Projects\EduCode\Util_lib.asm
                  BusyADC   0x00080e    program     extern C:\mcc18\src\TRADIT~1\pmc\ADC\adcbusy.c
           Camera_Handler   0x00336c    program     extern C:\Users\Phil\Documents\UberBots\Old Robot Stuff\FRC\2007\PACode - 22007 FINAL\camera.c
              Camera_Idle   0x003888    program     extern C:\Users\Phil\Documents\UberBots\Old Robot Stuff\FRC\2007\PACode - 22007 FINAL\camera.c
Camera_Serial_Port_Byte_Count   0x00399a    program     extern C:\Users\Phil\Documents\UberBots\Old Robot Stuff\FRC\2007\PACode - 22007 FINAL\camera.c
     Camera_State_Machine   0x0033de    program     extern C:\Users\Phil\Documents\UberBots\Old Robot Stuff\FRC\2007\PACode - 22007 FINAL\camera.c
       Check_4_Violations   0x003d34    program     extern C:\mcc18\Projects\EduCode\ifi_library.c
               Clear_Bank   0x004ee6    program     static C:\mcc18\Projects\EduCode\Util_lib.asm
               Clear_Loop   0x004ed2    program     static C:\mcc18\Projects\EduCode\Util_lib.asm
             Clear_Memory   0x004ecc    program     extern C:\mcc18\Projects\EduCode\Util_lib.asm
       Clear_SPIdata_flag   0x003ca6    program     extern C:\mcc18\Projects\EduCode\ifi_library.c
                 CloseADC   0x006516    program     extern C:\mcc18\src\TRADIT~1\pmc\ADC\adcclose.c
               ConvertADC   0x00651c    program     extern C:\mcc18\src\TRADIT~1\pmc\ADC\adcconv.c
        Convert_ADC_to_mV   0x00488c    program     extern C:\Users\Phil\Documents\UberBots\Old Robot Stuff\FRC\2007\PACode - 22007 FINAL\adc.c
                    D10_1   0x0064fe    program     static C:\MCC18\SRC\TRADIT~1\DELAYS\d10tcyx.asm
                     D10x   0x0064f6    program     static C:\MCC18\SRC\TRADIT~1\DELAYS\d10tcyx.asm
                   D1616S   0x005cc6    program     static C:\MCC18\SRC\TRADIT~1\MATH\fxd1616s.asm
                D1616SNEG   0x005cd4    program     static C:\MCC18\SRC\TRADIT~1\MATH\fxd1616s.asm
                 D1616SOK   0x005cd0    program     static C:\MCC18\SRC\TRADIT~1\MATH\fxd1616s.asm
                  D1616SX   0x005ce6    program     static C:\MCC18\SRC\TRADIT~1\MATH\fxd1616s.asm
                    D1K_1   0x0064a2    program     static C:\MCC18\SRC\TRADIT~1\DELAYS\d1ktcyx.asm
                     D1Kx   0x0064a0    program     static C:\MCC18\SRC\TRADIT~1\DELAYS\d1ktcyx.asm
                   D3232S   0x005d20    program     static C:\MCC18\SRC\TRADIT~1\MATH\fxd3232s.asm
                D3232SNEG   0x005d2e    program     static C:\MCC18\SRC\TRADIT~1\MATH\fxd3232s.asm
                 D3232SOK   0x005d2a    program     static C:\MCC18\SRC\TRADIT~1\MATH\fxd3232s.asm
                  D3232SX   0x005d4e    program     static C:\MCC18\SRC\TRADIT~1\MATH\fxd3232s.asm
                  DA1616S   0x005cb6    program     static C:\MCC18\SRC\TRADIT~1\MATH\fxd1616s.asm
                  DA3232S   0x005d0a    program     static C:\MCC18\SRC\TRADIT~1\MATH\fxd3232s.asm
                      DL1   0x005214    program     static C:\mcc18\Projects\EduCode\Util_lib.asm
                      DL2   0x00522a    program     static C:\mcc18\Projects\EduCode\Util_lib.asm
          Dead_Space_Loop   0x005210    program     static C:\mcc18\Projects\EduCode\Util_lib.asm
          Default_Routine   0x002c04    program     extern C:\Users\Phil\Documents\UberBots\Old Robot Stuff\FRC\2007\PACode - 22007 FINAL\user_routines.c
              Delay10TCYx   0x0064ee    program     extern C:\MCC18\SRC\TRADIT~1\DELAYS\d10tcyx.asm
              Delay1KTCYx   0x006496    program     extern C:\MCC18\SRC\TRADIT~1\DELAYS\d1ktcyx.asm
              Disable_ADC   0x00475a    program     extern C:\Users\Phil\Documents\UberBots\Old Robot Stuff\FRC\2007\PACode - 22007 FINAL\adc.c
          Disable_Timer_2   0x004824    program     extern C:\Users\Phil\Documents\UberBots\Old Robot Stuff\FRC\2007\PACode - 22007 FINAL\adc.c
              DisplayBufr   0x005854    program     extern C:\Users\Phil\Documents\UberBots\Old Robot Stuff\FRC\2007\PACode - 22007 FINAL\ifi_utilities.c
    Encoder_1_Int_Handler   0x005bf0    program     extern C:\Users\Phil\Documents\UberBots\Old Robot Stuff\FRC\2007\PACode - 22007 FINAL\encoder.c
    Encoder_2_Int_Handler   0x005c84    program     extern C:\Users\Phil\Documents\UberBots\Old Robot Stuff\FRC\2007\PACode - 22007 FINAL\encoder.c
                 FXD0808U   0x0064d2    program     extern C:\mcc18\src\TRADIT~1\math\fxd0808u.c
                 FXD1616S   0x005ca4    program     extern C:\MCC18\SRC\TRADIT~1\MATH\fxd1616s.asm
                 FXD1616U   0x0063fe    program     extern C:\mcc18\src\TRADIT~1\math\fxd1616u.c
                 FXD3232S   0x005cf0    program     extern C:\MCC18\SRC\TRADIT~1\MATH\fxd3232s.asm
                 FXD3232U   0x006378    program     extern C:\mcc18\src\TRADIT~1\math\fxd3232u.c
                 FXM1616S   0x005d58    program     extern C:\MCC18\SRC\TRADIT~1\MATH\fxm1616s.asm
                  FXM3232   0x006170    program     extern C:\mcc18\src\TRADIT~1\math\fxm3232.c
            Generate_Pwms   0x00516a    program     extern C:\mcc18\Projects\EduCode\Util_lib.asm
       Generate_Pwms_Cont   0x0051ae    program     static C:\mcc18\Projects\EduCode\Util_lib.asm
        GetDataFromMaster   0x005042    program     extern C:\mcc18\Projects\EduCode\Util_lib.asm
           Get_ADC_Result   0x00482a    program     extern C:\Users\Phil\Documents\UberBots\Old Robot Stuff\FRC\2007\PACode - 22007 FINAL\adc.c
     Get_ADC_Result_Count   0x004914    program     extern C:\Users\Phil\Documents\UberBots\Old Robot Stuff\FRC\2007\PACode - 22007 FINAL\adc.c
         Get_Analog_Value   0x005934    program     extern C:\Users\Phil\Documents\UberBots\Old Robot Stuff\FRC\2007\PACode - 22007 FINAL\ifi_utilities.c
         Get_Camera_State   0x003898    program     extern C:\Users\Phil\Documents\UberBots\Old Robot Stuff\FRC\2007\PACode - 22007 FINAL\camera.c
      Get_Encoder_1_Count   0x005b7c    program     extern C:\Users\Phil\Documents\UberBots\Old Robot Stuff\FRC\2007\PACode - 22007 FINAL\encoder.c
      Get_Encoder_2_Count   0x005c10    program     extern C:\Users\Phil\Documents\UberBots\Old Robot Stuff\FRC\2007\PACode - 22007 FINAL\encoder.c
           Get_Gyro_Angle   0x0055f0    program     extern C:\Users\Phil\Documents\UberBots\Old Robot Stuff\FRC\2007\PACode - 22007 FINAL\gyro.c
            Get_Gyro_Bias   0x0056dc    program     extern C:\Users\Phil\Documents\UberBots\Old Robot Stuff\FRC\2007\PACode - 22007 FINAL\gyro.c
            Get_Gyro_Rate   0x005544    program     extern C:\Users\Phil\Documents\UberBots\Old Robot Stuff\FRC\2007\PACode - 22007 FINAL\gyro.c
                  Getdata   0x003bfa    program     extern C:\mcc18\Projects\EduCode\ifi_library.c
           Handle_Spi_Int   0x003bae    program     extern C:\mcc18\Projects\EduCode\ifi_library.c
               Hex_output   0x004ef0    program     extern C:\mcc18\Projects\EduCode\Util_lib.asm
       IFI_Initialization   0x003ac2    program     extern C:\mcc18\Projects\EduCode\ifi_library.c
     Init_Serial_Port_One   0x005262    program     extern C:\Users\Phil\Documents\UberBots\Old Robot Stuff\FRC\2007\PACode - 22007 FINAL\serial_ports.c
     Init_Serial_Port_Two   0x005294    program     extern C:\Users\Phil\Documents\UberBots\Old Robot Stuff\FRC\2007\PACode - 22007 FINAL\serial_ports.c
           Initialize_ADC   0x0046e4    program     extern C:\Users\Phil\Documents\UberBots\Old Robot Stuff\FRC\2007\PACode - 22007 FINAL\adc.c
        Initialize_Camera   0x003560    program     extern C:\Users\Phil\Documents\UberBots\Old Robot Stuff\FRC\2007\PACode - 22007 FINAL\camera.c
      Initialize_Encoders   0x005b66    program     extern C:\Users\Phil\Documents\UberBots\Old Robot Stuff\FRC\2007\PACode - 22007 FINAL\encoder.c
          Initialize_Gyro   0x005536    program     extern C:\Users\Phil\Documents\UberBots\Old Robot Stuff\FRC\2007\PACode - 22007 FINAL\gyro.c
           Initialize_PWM   0x0059ba    program     extern C:\Users\Phil\Documents\UberBots\Old Robot Stuff\FRC\2007\PACode - 22007 FINAL\pwm.c
     Initialize_Registers   0x003a4a    program     extern C:\mcc18\Projects\EduCode\ifi_library.c
  Initialize_Serial_Comms   0x005902    program     extern C:\Users\Phil\Documents\UberBots\Old Robot Stuff\FRC\2007\PACode - 22007 FINAL\ifi_utilities.c
       Initialize_Timer_2   0x004774    program     extern C:\Users\Phil\Documents\UberBots\Old Robot Stuff\FRC\2007\PACode - 22007 FINAL\adc.c
     InterruptHandlerHigh   0x0039f2    program     extern C:\mcc18\Projects\EduCode\ifi_library.c
      InterruptHandlerLow   0x000880    program     extern C:\Users\Phil\Documents\UberBots\Old Robot Stuff\FRC\2007\PACode - 22007 FINAL\user_routines_fast.c
      InterruptVectorHigh   0x000808    program     extern C:\mcc18\Projects\EduCode\ifi_library.c
       InterruptVectorLow   0x000818    program     extern C:\Users\Phil\Documents\UberBots\Old Robot Stuff\FRC\2007\PACode - 22007 FINAL\user_routines_fast.c
                      LP4   0x0051b2    program     static C:\mcc18\Projects\EduCode\Util_lib.asm
                LP4_Cont1   0x0051bc    program     static C:\mcc18\Projects\EduCode\Util_lib.asm
                LP4_Cont2   0x0051c6    program     static C:\mcc18\Projects\EduCode\Util_lib.asm
                LP4_Cont3   0x0051d0    program     static C:\mcc18\Projects\EduCode\Util_lib.asm
                LP4_Cont4   0x0051dc    program     static C:\mcc18\Projects\EduCode\Util_lib.asm
                LP4_Cont5   0x0051e6    program     static C:\mcc18\Projects\EduCode\Util_lib.asm
                LP4_Cont6   0x0051f0    program     static C:\mcc18\Projects\EduCode\Util_lib.asm
                LP4_Cont7   0x0051fa    program     static C:\mcc18\Projects\EduCode\Util_lib.asm
                LP4_Cont8   0x005204    program     static C:\mcc18\Projects\EduCode\Util_lib.asm
                Limit_Mix   0x00277a    program     extern C:\Users\Phil\Documents\UberBots\Old Robot Stuff\FRC\2007\PACode - 22007 FINAL\user_routines.c
         Limit_Switch_Max   0x002706    program     extern C:\Users\Phil\Documents\UberBots\Old Robot Stuff\FRC\2007\PACode - 22007 FINAL\user_routines.c
         Limit_Switch_Min   0x00273e    program     extern C:\Users\Phil\Documents\UberBots\Old Robot Stuff\FRC\2007\PACode - 22007 FINAL\user_routines.c
           MoveData4Buff0   0x004fb8    program     static C:\mcc18\Projects\EduCode\Util_lib.asm
        MoveDataFromBuff1   0x0050e0    program     static C:\mcc18\Projects\EduCode\Util_lib.asm
             Noise_Filter   0x0038dc    program     extern C:\Users\Phil\Documents\UberBots\Old Robot Stuff\FRC\2007\PACode - 22007 FINAL\camera.c
               Open1USART   0x006314    program     extern C:\mcc18\src\TRADIT~1\pmc\USART\u1open.c
                  OpenADC   0x0061e0    program     extern C:\mcc18\src\TRADIT~1\pmc\ADC\adcopen.c
                 OpenSPI1   0x0062ae    program     extern C:\mcc18\src\TRADIT~1\pmc\SPI\spi1open.c
                      PWM   0x0059d2    program     extern C:\Users\Phil\Documents\UberBots\Old Robot Stuff\FRC\2007\PACode - 22007 FINAL\pwm.c
          PacketNum_Check   0x005896    program     extern C:\Users\Phil\Documents\UberBots\Old Robot Stuff\FRC\2007\PACode - 22007 FINAL\ifi_utilities.c
    Prep_SPI_4_First_Byte   0x003b50    program     extern C:\mcc18\Projects\EduCode\ifi_library.c
                PrintByte   0x0057e6    program     extern C:\Users\Phil\Documents\UberBots\Old Robot Stuff\FRC\2007\PACode - 22007 FINAL\ifi_utilities.c
                PrintWord   0x005808    program     extern C:\Users\Phil\Documents\UberBots\Old Robot Stuff\FRC\2007\PACode - 22007 FINAL\ifi_utilities.c
Process_Data_From_Local_IO   0x001ac6    program     extern C:\Users\Phil\Documents\UberBots\Old Robot Stuff\FRC\2007\PACode - 22007 FINAL\user_routines_fast.c
Process_Data_From_Master_uP   0x0029f0    program     extern C:\Users\Phil\Documents\UberBots\Old Robot Stuff\FRC\2007\PACode - 22007 FINAL\user_routines.c
        Process_Gyro_Data   0x005710    program     extern C:\Users\Phil\Documents\UberBots\Old Robot Stuff\FRC\2007\PACode - 22007 FINAL\gyro.c
                  Putdata   0x003c2c    program     extern C:\mcc18\Projects\EduCode\ifi_library.c
                Pwm_Delay   0x005240    program     static C:\mcc18\Projects\EduCode\Util_lib.asm
                 Raw_Mode   0x0038a0    program     extern C:\Users\Phil\Documents\UberBots\Old Robot Stuff\FRC\2007\PACode - 22007 FINAL\camera.c
                  ReadADC   0x0063c0    program     extern C:\mcc18\src\TRADIT~1\pmc\ADC\adcread.c
  Read_Camera_Serial_Port   0x0039a2    program     extern C:\Users\Phil\Documents\UberBots\Old Robot Stuff\FRC\2007\PACode - 22007 FINAL\camera.c
     Read_Serial_Port_One   0x005306    program     extern C:\Users\Phil\Documents\UberBots\Old Robot Stuff\FRC\2007\PACode - 22007 FINAL\serial_ports.c
     Read_Serial_Port_Two   0x005352    program     extern C:\Users\Phil\Documents\UberBots\Old Robot Stuff\FRC\2007\PACode - 22007 FINAL\serial_ports.c
Read_Terminal_Serial_Port   0x0039ce    program     extern C:\Users\Phil\Documents\UberBots\Old Robot Stuff\FRC\2007\PACode - 22007 FINAL\camera.c
   Reset_ADC_Result_Count   0x004934    program     extern C:\Users\Phil\Documents\UberBots\Old Robot Stuff\FRC\2007\PACode - 22007 FINAL\adc.c
    Reset_Encoder_1_Count   0x005bc4    program     extern C:\Users\Phil\Documents\UberBots\Old Robot Stuff\FRC\2007\PACode - 22007 FINAL\encoder.c
    Reset_Encoder_2_Count   0x005c58    program     extern C:\Users\Phil\Documents\UberBots\Old Robot Stuff\FRC\2007\PACode - 22007 FINAL\encoder.c
         Reset_Gyro_Angle   0x005704    program     extern C:\Users\Phil\Documents\UberBots\Old Robot Stuff\FRC\2007\PACode - 22007 FINAL\gyro.c
           Restart_Camera   0x003892    program     extern C:\Users\Phil\Documents\UberBots\Old Robot Stuff\FRC\2007\PACode - 22007 FINAL\camera.c
         Rx_1_Int_Handler   0x005422    program     extern C:\Users\Phil\Documents\UberBots\Old Robot Stuff\FRC\2007\PACode - 22007 FINAL\serial_ports.c
         Rx_2_Int_Handler   0x005460    program     extern C:\Users\Phil\Documents\UberBots\Old Robot Stuff\FRC\2007\PACode - 22007 FINAL\serial_ports.c
         SendDataToMaster   0x004f1e    program     extern C:\mcc18\Projects\EduCode\Util_lib.asm
Serial_Port_One_Byte_Count   0x0052c6    program     extern C:\Users\Phil\Documents\UberBots\Old Robot Stuff\FRC\2007\PACode - 22007 FINAL\serial_ports.c
Serial_Port_Two_Byte_Count   0x0052e6    program     extern C:\Users\Phil\Documents\UberBots\Old Robot Stuff\FRC\2007\PACode - 22007 FINAL\serial_ports.c
              Servo_Track   0x004ae0    program     extern C:\Users\Phil\Documents\UberBots\Old Robot Stuff\FRC\2007\PACode - 22007 FINAL\tracking.c
            Set_Gyro_Bias   0x0056e8    program     extern C:\Users\Phil\Documents\UberBots\Old Robot Stuff\FRC\2007\PACode - 22007 FINAL\gyro.c
Set_Number_of_Analog_Channels   0x00591e    program     extern C:\Users\Phil\Documents\UberBots\Old Robot Stuff\FRC\2007\PACode - 22007 FINAL\ifi_utilities.c
    Setup_PWM_Output_Type   0x003cb0    program     extern C:\mcc18\Projects\EduCode\ifi_library.c
          Setup_Spi_Slave   0x003a34    program     extern C:\mcc18\Projects\EduCode\ifi_library.c
     Start_Gyro_Bias_Calc   0x005680    program     extern C:\Users\Phil\Documents\UberBots\Old Robot Stuff\FRC\2007\PACode - 22007 FINAL\gyro.c
      Stop_Gyro_Bias_Calc   0x005698    program     extern C:\Users\Phil\Documents\UberBots\Old Robot Stuff\FRC\2007\PACode - 22007 FINAL\gyro.c
               TSIGN1616A   0x005da4    program     static C:\MCC18\SRC\TRADIT~1\MATH\fxm1616s.asm
Terminal_Serial_Port_Byte_Count   0x0039c6    program     extern C:\Users\Phil\Documents\UberBots\Old Robot Stuff\FRC\2007\PACode - 22007 FINAL\camera.c
             TerminateGet   0x005160    program     static C:\mcc18\Projects\EduCode\Util_lib.asm
            TerminateSend   0x005038    program     static C:\mcc18\Projects\EduCode\Util_lib.asm
      Timer_2_Int_Handler   0x00493e    program     extern C:\Users\Phil\Documents\UberBots\Old Robot Stuff\FRC\2007\PACode - 22007 FINAL\adc.c
              Track_Color   0x003824    program     extern C:\Users\Phil\Documents\UberBots\Old Robot Stuff\FRC\2007\PACode - 22007 FINAL\camera.c
   Tracking_Info_Terminal   0x000806    program     extern C:\Users\Phil\Documents\UberBots\Old Robot Stuff\FRC\2007\PACode - 22007 FINAL\terminal.c
         Tx_1_Int_Handler   0x00549e    program     extern C:\Users\Phil\Documents\UberBots\Old Robot Stuff\FRC\2007\PACode - 22007 FINAL\serial_ports.c
         Tx_2_Int_Handler   0x0054ce    program     extern C:\Users\Phil\Documents\UberBots\Old Robot Stuff\FRC\2007\PACode - 22007 FINAL\serial_ports.c
  UpdateLocalPWMDirection   0x004f1c    program     extern C:\mcc18\Projects\EduCode\Util_lib.asm
     User_Autonomous_Code   0x000992    program     extern C:\Users\Phil\Documents\UberBots\Old Robot Stuff\FRC\2007\PACode - 22007 FINAL\user_routines_fast.c
      User_Initialization   0x0027f8    program     extern C:\Users\Phil\Documents\UberBots\Old Robot Stuff\FRC\2007\PACode - 22007 FINAL\user_routines.c
       User_Proc_Is_Ready   0x003b46    program     extern C:\mcc18\Projects\EduCode\ifi_library.c
           Virtual_Window   0x00390e    program     extern C:\Users\Phil\Documents\UberBots\Old Robot Stuff\FRC\2007\PACode - 22007 FINAL\camera.c
             Wait4TXEmpty   0x0057dc    program     extern C:\Users\Phil\Documents\UberBots\Old Robot Stuff\FRC\2007\PACode - 22007 FINAL\ifi_utilities.c
Write_Camera_Module_Register   0x00395e    program     extern C:\Users\Phil\Documents\UberBots\Old Robot Stuff\FRC\2007\PACode - 22007 FINAL\camera.c
 Write_Camera_Serial_Port   0x0039aa    program     extern C:\Users\Phil\Documents\UberBots\Old Robot Stuff\FRC\2007\PACode - 22007 FINAL\camera.c
    Write_Serial_Port_One   0x00539e    program     extern C:\Users\Phil\Documents\UberBots\Old Robot Stuff\FRC\2007\PACode - 22007 FINAL\serial_ports.c
    Write_Serial_Port_Two   0x0053e0    program     extern C:\Users\Phil\Documents\UberBots\Old Robot Stuff\FRC\2007\PACode - 22007 FINAL\serial_ports.c
Write_Terminal_Serial_Port   0x0039d6    program     extern C:\Users\Phil\Documents\UberBots\Old Robot Stuff\FRC\2007\PACode - 22007 FINAL\camera.c
                   _2jEnd   0x006298    program     static C:\MCC18\SRC\TRADIT~1\STDCLIB\slenpgm.asm
        _D10TCYXCODE_000A   0x0064f8    program     static C:\MCC18\SRC\TRADIT~1\DELAYS\d10tcyx.asm
        _D10TCYXCODE_000C   0x0064fa    program     static C:\MCC18\SRC\TRADIT~1\DELAYS\d10tcyx.asm
        _D10TCYXCODE_000E   0x0064fc    program     static C:\MCC18\SRC\TRADIT~1\DELAYS\d10tcyx.asm
        _D1KTCYXCODE_0010   0x0064a6    program     static C:\MCC18\SRC\TRADIT~1\DELAYS\d1ktcyx.asm
        _D1KTCYXCODE_0016   0x0064ac    program     static C:\MCC18\SRC\TRADIT~1\DELAYS\d1ktcyx.asm
       ___return_lbl00000   0x0064ec    program     static                          
       ___return_lbl00000   0x006428    program     static                          
       ___return_lbl00000   0x0063be    program     static                          
       ___return_lbl00000   0x0061de    program     static                          
       ___return_lbl00000   0x00081c    program     static                          
       ___return_lbl00000   0x00080c    program     static                          
       ___return_lbl00000   0x000804    program     static                          
       ___return_lbl00001   0x006494    program     static                          
       ___return_lbl00002   0x006056    program     static                          
                   __pa_0   0x002424    program     static C:\mcc18\src\TRADIT~1\stdclib\vfprintf.c
                   __pa_1   0x00242c    program     static C:\mcc18\src\TRADIT~1\stdclib\vfprintf.c
                  __pa_10   0x0024e0    program     static C:\mcc18\src\TRADIT~1\stdclib\vfprintf.c
                  __pa_11   0x0024ee    program     static C:\mcc18\src\TRADIT~1\stdclib\vfprintf.c
                  __pa_12   0x002504    program     static C:\mcc18\src\TRADIT~1\stdclib\vfprintf.c
                  __pa_13   0x00251e    program     static C:\mcc18\src\TRADIT~1\stdclib\vfprintf.c
                  __pa_14   0x002536    program     static C:\mcc18\src\TRADIT~1\stdclib\vfprintf.c
                  __pa_15   0x002546    program     static C:\mcc18\src\TRADIT~1\stdclib\vfprintf.c
                  __pa_16   0x00255c    program     static C:\mcc18\src\TRADIT~1\stdclib\vfprintf.c
                  __pa_17   0x00256e    program     static C:\mcc18\src\TRADIT~1\stdclib\vfprintf.c
                  __pa_18   0x002580    program     static C:\mcc18\src\TRADIT~1\stdclib\vfprintf.c
                  __pa_19   0x00258a    program     static C:\mcc18\src\TRADIT~1\stdclib\vfprintf.c
                   __pa_2   0x002436    program     static C:\mcc18\src\TRADIT~1\stdclib\vfprintf.c
                  __pa_20   0x00259a    program     static C:\mcc18\src\TRADIT~1\stdclib\vfprintf.c
                  __pa_21   0x0025aa    program     static C:\mcc18\src\TRADIT~1\stdclib\vfprintf.c
                  __pa_22   0x0025ba    program     static C:\mcc18\src\TRADIT~1\stdclib\vfprintf.c
                  __pa_23   0x0025c6    program     static C:\mcc18\src\TRADIT~1\stdclib\vfprintf.c
                  __pa_24   0x0025d4    program     static C:\mcc18\src\TRADIT~1\stdclib\vfprintf.c
                  __pa_25   0x0025dc    program     static C:\mcc18\src\TRADIT~1\stdclib\vfprintf.c
                  __pa_26   0x0025e6    program     static C:\mcc18\src\TRADIT~1\stdclib\vfprintf.c
                  __pa_27   0x0025f0    program     static C:\mcc18\src\TRADIT~1\stdclib\vfprintf.c
                  __pa_28   0x0025f8    program     static C:\mcc18\src\TRADIT~1\stdclib\vfprintf.c
                  __pa_29   0x002606    program     static C:\mcc18\src\TRADIT~1\stdclib\vfprintf.c
                   __pa_3   0x002440    program     static C:\mcc18\src\TRADIT~1\stdclib\vfprintf.c
                  __pa_30   0x002622    program     static C:\mcc18\src\TRADIT~1\stdclib\vfprintf.c
                  __pa_31   0x00263c    program     static C:\mcc18\src\TRADIT~1\stdclib\vfprintf.c
                  __pa_32   0x002656    program     static C:\mcc18\src\TRADIT~1\stdclib\vfprintf.c
                  __pa_33   0x00266e    program     static C:\mcc18\src\TRADIT~1\stdclib\vfprintf.c
                  __pa_34   0x002678    program     static C:\mcc18\src\TRADIT~1\stdclib\vfprintf.c
                  __pa_35   0x002686    program     static C:\mcc18\src\TRADIT~1\stdclib\vfprintf.c
                  __pa_36   0x00268e    program     static C:\mcc18\src\TRADIT~1\stdclib\vfprintf.c
                  __pa_37   0x002698    program     static C:\mcc18\src\TRADIT~1\stdclib\vfprintf.c
                  __pa_38   0x0026a8    program     static C:\mcc18\src\TRADIT~1\stdclib\vfprintf.c
                  __pa_39   0x0026b6    program     static C:\mcc18\src\TRADIT~1\stdclib\vfprintf.c
                   __pa_4   0x002458    program     static C:\mcc18\src\TRADIT~1\stdclib\vfprintf.c
                  __pa_40   0x0026c2    program     static C:\mcc18\src\TRADIT~1\stdclib\vfprintf.c
                  __pa_41   0x0026ce    program     static C:\mcc18\src\TRADIT~1\stdclib\vfprintf.c
                  __pa_42   0x0026d6    program     static C:\mcc18\src\TRADIT~1\stdclib\vfprintf.c
                  __pa_43   0x0026e0    program     static C:\mcc18\src\TRADIT~1\stdclib\vfprintf.c
                  __pa_44   0x0026e6    program     static C:\mcc18\src\TRADIT~1\stdclib\vfprintf.c
                  __pa_45   0x0026f0    program     static C:\mcc18\src\TRADIT~1\stdclib\vfprintf.c
                  __pa_46   0x0026fc    program     static C:\mcc18\src\TRADIT~1\stdclib\vfprintf.c
                   __pa_5   0x00246c    program     static C:\mcc18\src\TRADIT~1\stdclib\vfprintf.c
                   __pa_6   0x002488    program     static C:\mcc18\src\TRADIT~1\stdclib\vfprintf.c
                   __pa_7   0x002492    program     static C:\mcc18\src\TRADIT~1\stdclib\vfprintf.c
                   __pa_8   0x00249e    program     static C:\mcc18\src\TRADIT~1\stdclib\vfprintf.c
                   __pa_9   0x0024c0    program     static C:\mcc18\src\TRADIT~1\stdclib\vfprintf.c
               __string_0   0x005e11    program     static C:\Users\Phil\Documents\UberBots\Old Robot Stuff\FRC\2007\PACode - 22007 FINAL\user_routines.c
               __string_0   0x005eb3    program     static C:\Users\Phil\Documents\UberBots\Old Robot Stuff\FRC\2007\PACode - 22007 FINAL\user_routines_fast.c
               __string_1   0x005df7    program     static C:\Users\Phil\Documents\UberBots\Old Robot Stuff\FRC\2007\PACode - 22007 FINAL\user_routines.c
               __string_1   0x005e9c    program     static C:\Users\Phil\Documents\UberBots\Old Robot Stuff\FRC\2007\PACode - 22007 FINAL\user_routines_fast.c
               __string_2   0x005e84    program     static C:\Users\Phil\Documents\UberBots\Old Robot Stuff\FRC\2007\PACode - 22007 FINAL\user_routines_fast.c
               __string_2   0x005df1    program     static C:\Users\Phil\Documents\UberBots\Old Robot Stuff\FRC\2007\PACode - 22007 FINAL\user_routines.c
               __string_3   0x005e70    program     static C:\Users\Phil\Documents\UberBots\Old Robot Stuff\FRC\2007\PACode - 22007 FINAL\user_routines_fast.c
               __string_3   0x005db2    program     static C:\Users\Phil\Documents\UberBots\Old Robot Stuff\FRC\2007\PACode - 22007 FINAL\user_routines.c
               __string_4   0x005e66    program     static C:\Users\Phil\Documents\UberBots\Old Robot Stuff\FRC\2007\PACode - 22007 FINAL\user_routines_fast.c
               __string_5   0x005e57    program     static C:\Users\Phil\Documents\UberBots\Old Robot Stuff\FRC\2007\PACode - 22007 FINAL\user_routines_fast.c
               __string_6   0x005e4e    program     static C:\Users\Phil\Documents\UberBots\Old Robot Stuff\FRC\2007\PACode - 22007 FINAL\user_routines_fast.c
               __string_7   0x005e3d    program     static C:\Users\Phil\Documents\UberBots\Old Robot Stuff\FRC\2007\PACode - 22007 FINAL\user_routines_fast.c
               __string_8   0x005e3a    program     static C:\Users\Phil\Documents\UberBots\Old Robot Stuff\FRC\2007\PACode - 22007 FINAL\user_routines_fast.c
              __tmplbl_41   0x001aba    program     static                          
              __tmplbl_42   0x001ab6    program     static                          
              __tmplbl_42   0x0025ba    program     static                          
              __tmplbl_43   0x0016ee    program     static                          
              __tmplbl_43   0x002406    program     static                          
              __tmplbl_44   0x00161e    program     static                          
              __tmplbl_44   0x0023ec    program     static                          
              __tmplbl_45   0x00146e    program     static                          
              __tmplbl_49   0x001850    program     static                          
              __tmplbl_51   0x001850    program     static                          
              __tmplbl_53   0x001850    program     static                          
              __tmplbl_54   0x001850    program     static                          
              __tmplbl_59   0x000ad0    program     static                          
              __tmplbl_86   0x001b3a    program     static                          
                _do_cinit   0x005fba    program     extern C:\Users\Phil\Documents\UberBots\Old Robot Stuff\FRC\2007\PACode - 22007 FINAL\ifi_startup.c
                   _entry   0x000800    program     extern C:\Users\Phil\Documents\UberBots\Old Robot Stuff\FRC\2007\PACode - 22007 FINAL\ifi_startup.c
                   _false   0x0063ba    program     static                          
                 _startup   0x006476    program     extern C:\Users\Phil\Documents\UberBots\Old Robot Stuff\FRC\2007\PACode - 22007 FINAL\ifi_startup.c
              _usart_putc   0x0064b6    program     extern C:\MCC18\SRC\TRADIT~1\PMC\USART\_usartpc.asm
               _user_putc   0x0054fe    program     extern C:\Users\Phil\Documents\UberBots\Old Robot Stuff\FRC\2007\PACode - 22007 FINAL\serial_ports.c
            cam_hasTarget   0x003308    program     extern C:\Users\Phil\Documents\UberBots\Old Robot Stuff\FRC\2007\PACode - 22007 FINAL\camera.c
                copy_loop   0x00602c    program     static                          
            copy_one_byte   0x006032    program     static                          
                     done   0x006056    program     static                          
             done_copying   0x006040    program     static                          
                  endloop   0x0064e8    program     static                          
                  endloop   0x006424    program     static                          
                flip_axis   0x002b52    program     extern C:\Users\Phil\Documents\UberBots\Old Robot Stuff\FRC\2007\PACode - 22007 FINAL\user_routines.c
                 init_pid   0x00410e    program     extern C:\Users\Phil\Documents\UberBots\Old Robot Stuff\FRC\2007\PACode - 22007 FINAL\pid.c
                  isdigit   0x006452    program     extern C:\MCC18\SRC\TRADIT~1\STDCLIB\isdigit.asm
                     jEnd   0x006262    program     static C:\MCC18\SRC\TRADIT~1\STDCLIB\strlen.asm
                     jEnd   0x00629a    program     static C:\MCC18\SRC\TRADIT~1\STDCLIB\slenpgm.asm
                    jLoop   0x006282    program     static C:\MCC18\SRC\TRADIT~1\STDCLIB\slenpgm.asm
                    jLoop   0x006258    program     static C:\MCC18\SRC\TRADIT~1\STDCLIB\strlen.asm
                   jMatch   0x006472    program     static C:\MCC18\SRC\TRADIT~1\STDCLIB\isdigit.asm
                 jNoMatch   0x006474    program     static C:\MCC18\SRC\TRADIT~1\STDCLIB\isdigit.asm
                     loop   0x006486    program     static                          
                     loop   0x006386    program     static                          
                     loop   0x006408    program     static                          
                     loop   0x0064da    program     static                          
                     loop   0x0064c6    program     static C:\MCC18\SRC\TRADIT~1\PMC\USART\_usartpc.asm
                     main   0x00642a    program     extern C:\Users\Phil\Documents\UberBots\Old Robot Stuff\FRC\2007\PACode - 22007 FINAL\main.c
               motor_tone   0x002b8e    program     extern C:\Users\Phil\Documents\UberBots\Old Robot Stuff\FRC\2007\PACode - 22007 FINAL\user_routines.c
              pid_control   0x004244    program     extern C:\Users\Phil\Documents\UberBots\Old Robot Stuff\FRC\2007\PACode - 22007 FINAL\pid.c
               pid_isDone   0x00421c    program     extern C:\Users\Phil\Documents\UberBots\Old Robot Stuff\FRC\2007\PACode - 22007 FINAL\pid.c
               pid_set_Kp   0x0041f4    program     extern C:\Users\Phil\Documents\UberBots\Old Robot Stuff\FRC\2007\PACode - 22007 FINAL\pid.c
                   printf   0x006058    program     extern C:\mcc18\src\TRADIT~1\stdclib\printf.c
                     putc   0x0060ec    program     extern C:\mcc18\src\TRADIT~1\stdclib\putc.c
                pwm_limit   0x002a96    program     extern C:\Users\Phil\Documents\UberBots\Old Robot Stuff\FRC\2007\PACode - 22007 FINAL\user_routines.c
                  s_delay   0x005246    program     static C:\mcc18\Projects\EduCode\Util_lib.asm
                 s_digits   0x006504    program     static C:\mcc18\src\TRADIT~1\stdclib\vfprintf.c
            s_put_n_chars   0x001ae4    program     static C:\mcc18\src\TRADIT~1\stdclib\vfprintf.c
                     sqrt   0x005eba    program     extern C:\Users\Phil\Documents\UberBots\Old Robot Stuff\FRC\2007\PACode - 22007 FINAL\tracking.c
                   strlen   0x006248    program     extern C:\MCC18\SRC\TRADIT~1\STDCLIB\strlen.asm
                strlenpgm   0x006264    program     extern C:\MCC18\SRC\TRADIT~1\STDCLIB\slenpgm.asm
                     test   0x005fd4    program     static                          
           update_targets   0x00317c    program     extern C:\Users\Phil\Documents\UberBots\Old Robot Stuff\FRC\2007\PACode - 22007 FINAL\camera.c
                 vfprintf   0x001b10    program     extern C:\mcc18\src\TRADIT~1\stdclib\vfprintf.c
                   AARGB0   0x00001e       data     extern C:\MCC18\SRC\TRADIT~1\MATH\aarg.asm
                   AARGB1   0x00001d       data     extern C:\MCC18\SRC\TRADIT~1\MATH\aarg.asm
                   AARGB2   0x00001c       data     extern C:\MCC18\SRC\TRADIT~1\MATH\aarg.asm
                   AARGB3   0x00001b       data     extern C:\MCC18\SRC\TRADIT~1\MATH\aarg.asm
                   AARGB4   0x00001a       data     extern C:\MCC18\SRC\TRADIT~1\MATH\aarg.asm
                   AARGB5   0x000019       data     extern C:\MCC18\SRC\TRADIT~1\MATH\aarg.asm
                   AARGB6   0x000018       data     extern C:\MCC18\SRC\TRADIT~1\MATH\aarg.asm
                   AARGB7   0x000017       data     extern C:\MCC18\SRC\TRADIT~1\MATH\aarg.asm
                   ADCON0   0x000fc2       data     extern C:\MCC18\SRC\TRADIT~1\PROC\p18f8722.asm
               ADCON0bits   0x000fc2       data     extern C:\MCC18\SRC\TRADIT~1\PROC\p18f8722.asm
                   ADCON1   0x000fc1       data     extern C:\MCC18\SRC\TRADIT~1\PROC\p18f8722.asm
               ADCON1bits   0x000fc1       data     extern C:\MCC18\SRC\TRADIT~1\PROC\p18f8722.asm
                   ADCON2   0x000fc0       data     extern C:\MCC18\SRC\TRADIT~1\PROC\p18f8722.asm
               ADCON2bits   0x000fc0       data     extern C:\MCC18\SRC\TRADIT~1\PROC\p18f8722.asm
                    ADRES   0x000fc3       data     extern C:\MCC18\SRC\TRADIT~1\PROC\p18f8722.asm
                   ADRESH   0x000fc4       data     extern C:\MCC18\SRC\TRADIT~1\PROC\p18f8722.asm
                   ADRESL   0x000fc3       data     extern C:\MCC18\SRC\TRADIT~1\PROC\p18f8722.asm
                     AEXP   0x00001f       data     extern C:\MCC18\SRC\TRADIT~1\MATH\aarg.asm
                   BARGB0   0x000023       data     extern C:\MCC18\SRC\TRADIT~1\MATH\barg.asm
                   BARGB1   0x000022       data     extern C:\MCC18\SRC\TRADIT~1\MATH\barg.asm
                   BARGB2   0x000021       data     extern C:\MCC18\SRC\TRADIT~1\MATH\barg.asm
                   BARGB3   0x000020       data     extern C:\MCC18\SRC\TRADIT~1\MATH\barg.asm
                  BAUDCON   0x000f7e       data     extern C:\MCC18\SRC\TRADIT~1\PROC\p18f8722.asm
                 BAUDCON1   0x000f7e       data     extern C:\MCC18\SRC\TRADIT~1\PROC\p18f8722.asm
             BAUDCON1bits   0x000f7e       data     extern C:\MCC18\SRC\TRADIT~1\PROC\p18f8722.asm
                 BAUDCON2   0x000f7c       data     extern C:\MCC18\SRC\TRADIT~1\PROC\p18f8722.asm
             BAUDCON2bits   0x000f7c       data     extern C:\MCC18\SRC\TRADIT~1\PROC\p18f8722.asm
              BAUDCONbits   0x000f7e       data     extern C:\MCC18\SRC\TRADIT~1\PROC\p18f8722.asm
                     BEXP   0x000024       data     extern C:\MCC18\SRC\TRADIT~1\MATH\barg.asm
                      BSR   0x000fe0       data     extern C:\MCC18\SRC\TRADIT~1\PROC\p18f8722.asm
                  CCP1CON   0x000fbd       data     extern C:\MCC18\SRC\TRADIT~1\PROC\p18f8722.asm
              CCP1CONbits   0x000fbd       data     extern C:\MCC18\SRC\TRADIT~1\PROC\p18f8722.asm
                  CCP2CON   0x000fba       data     extern C:\MCC18\SRC\TRADIT~1\PROC\p18f8722.asm
              CCP2CONbits   0x000fba       data     extern C:\MCC18\SRC\TRADIT~1\PROC\p18f8722.asm
                  CCP3CON   0x000fb7       data     extern C:\MCC18\SRC\TRADIT~1\PROC\p18f8722.asm
              CCP3CONbits   0x000fb7       data     extern C:\MCC18\SRC\TRADIT~1\PROC\p18f8722.asm
                  CCP4CON   0x000f73       data     extern C:\MCC18\SRC\TRADIT~1\PROC\p18f8722.asm
              CCP4CONbits   0x000f73       data     extern C:\MCC18\SRC\TRADIT~1\PROC\p18f8722.asm
                  CCP5CON   0x000f70       data     extern C:\MCC18\SRC\TRADIT~1\PROC\p18f8722.asm
              CCP5CONbits   0x000f70       data     extern C:\MCC18\SRC\TRADIT~1\PROC\p18f8722.asm
                    CCPR1   0x000fbe       data     extern C:\MCC18\SRC\TRADIT~1\PROC\p18f8722.asm
                   CCPR1H   0x000fbf       data     extern C:\MCC18\SRC\TRADIT~1\PROC\p18f8722.asm
                   CCPR1L   0x000fbe       data     extern C:\MCC18\SRC\TRADIT~1\PROC\p18f8722.asm
                    CCPR2   0x000fbb       data     extern C:\MCC18\SRC\TRADIT~1\PROC\p18f8722.asm
                   CCPR2H   0x000fbc       data     extern C:\MCC18\SRC\TRADIT~1\PROC\p18f8722.asm
                   CCPR2L   0x000fbb       data     extern C:\MCC18\SRC\TRADIT~1\PROC\p18f8722.asm
                    CCPR3   0x000fb8       data     extern C:\MCC18\SRC\TRADIT~1\PROC\p18f8722.asm
                   CCPR3H   0x000fb9       data     extern C:\MCC18\SRC\TRADIT~1\PROC\p18f8722.asm
                   CCPR3L   0x000fb8       data     extern C:\MCC18\SRC\TRADIT~1\PROC\p18f8722.asm
                    CCPR4   0x000f74       data     extern C:\MCC18\SRC\TRADIT~1\PROC\p18f8722.asm
                   CCPR4H   0x000f75       data     extern C:\MCC18\SRC\TRADIT~1\PROC\p18f8722.asm
                   CCPR4L   0x000f74       data     extern C:\MCC18\SRC\TRADIT~1\PROC\p18f8722.asm
                    CCPR5   0x000f71       data     extern C:\MCC18\SRC\TRADIT~1\PROC\p18f8722.asm
                   CCPR5H   0x000f72       data     extern C:\MCC18\SRC\TRADIT~1\PROC\p18f8722.asm
                   CCPR5L   0x000f71       data     extern C:\MCC18\SRC\TRADIT~1\PROC\p18f8722.asm
                    CMCON   0x000fb4       data     extern C:\MCC18\SRC\TRADIT~1\PROC\p18f8722.asm
                CMCONbits   0x000fb4       data     extern C:\MCC18\SRC\TRADIT~1\PROC\p18f8722.asm
                   CVRCON   0x000fb5       data     extern C:\MCC18\SRC\TRADIT~1\PROC\p18f8722.asm
               CVRCONbits   0x000fb5       data     extern C:\MCC18\SRC\TRADIT~1\PROC\p18f8722.asm
                      Cnt   0x000013       data     static C:\mcc18\Projects\EduCode\Util_lib.asm
                     Cnt1   0x000014       data     static C:\mcc18\Projects\EduCode\Util_lib.asm
                     DDRA   0x000f92       data     extern C:\MCC18\SRC\TRADIT~1\PROC\p18f8722.asm
                 DDRAbits   0x000f92       data     extern C:\MCC18\SRC\TRADIT~1\PROC\p18f8722.asm
                     DDRB   0x000f93       data     extern C:\MCC18\SRC\TRADIT~1\PROC\p18f8722.asm
                 DDRBbits   0x000f93       data     extern C:\MCC18\SRC\TRADIT~1\PROC\p18f8722.asm
                     DDRC   0x000f94       data     extern C:\MCC18\SRC\TRADIT~1\PROC\p18f8722.asm
                 DDRCbits   0x000f94       data     extern C:\MCC18\SRC\TRADIT~1\PROC\p18f8722.asm
                     DDRD   0x000f95       data     extern C:\MCC18\SRC\TRADIT~1\PROC\p18f8722.asm
                 DDRDbits   0x000f95       data     extern C:\MCC18\SRC\TRADIT~1\PROC\p18f8722.asm
                     DDRE   0x000f96       data     extern C:\MCC18\SRC\TRADIT~1\PROC\p18f8722.asm
                 DDREbits   0x000f96       data     extern C:\MCC18\SRC\TRADIT~1\PROC\p18f8722.asm
                     DDRF   0x000f97       data     extern C:\MCC18\SRC\TRADIT~1\PROC\p18f8722.asm
                 DDRFbits   0x000f97       data     extern C:\MCC18\SRC\TRADIT~1\PROC\p18f8722.asm
                     DDRG   0x000f98       data     extern C:\MCC18\SRC\TRADIT~1\PROC\p18f8722.asm
                 DDRGbits   0x000f98       data     extern C:\MCC18\SRC\TRADIT~1\PROC\p18f8722.asm
                     DDRH   0x000f99       data     extern C:\MCC18\SRC\TRADIT~1\PROC\p18f8722.asm
                 DDRHbits   0x000f99       data     extern C:\MCC18\SRC\TRADIT~1\PROC\p18f8722.asm
                     DDRJ   0x000f9a       data     extern C:\MCC18\SRC\TRADIT~1\PROC\p18f8722.asm
                 DDRJbits   0x000f9a       data     extern C:\MCC18\SRC\TRADIT~1\PROC\p18f8722.asm
            DelayCounter1   0x000035       data     extern C:\MCC18\SRC\TRADIT~1\DELAYS\delayd1.asm
                  ECCP1AS   0x000fb6       data     extern C:\MCC18\SRC\TRADIT~1\PROC\p18f8722.asm
              ECCP1ASbits   0x000fb6       data     extern C:\MCC18\SRC\TRADIT~1\PROC\p18f8722.asm
                 ECCP1CON   0x000fbd       data     extern C:\MCC18\SRC\TRADIT~1\PROC\p18f8722.asm
             ECCP1CONbits   0x000fbd       data     extern C:\MCC18\SRC\TRADIT~1\PROC\p18f8722.asm
                 ECCP1DEL   0x000f79       data     extern C:\MCC18\SRC\TRADIT~1\PROC\p18f8722.asm
             ECCP1DELbits   0x000f79       data     extern C:\MCC18\SRC\TRADIT~1\PROC\p18f8722.asm
                  ECCP2AS   0x000f68       data     extern C:\MCC18\SRC\TRADIT~1\PROC\p18f8722.asm
              ECCP2ASbits   0x000f68       data     extern C:\MCC18\SRC\TRADIT~1\PROC\p18f8722.asm
                 ECCP2CON   0x000fba       data     extern C:\MCC18\SRC\TRADIT~1\PROC\p18f8722.asm
             ECCP2CONbits   0x000fba       data     extern C:\MCC18\SRC\TRADIT~1\PROC\p18f8722.asm
                 ECCP2DEL   0x000f67       data     extern C:\MCC18\SRC\TRADIT~1\PROC\p18f8722.asm
             ECCP2DELbits   0x000f67       data     extern C:\MCC18\SRC\TRADIT~1\PROC\p18f8722.asm
                  ECCP3AS   0x000f6a       data     extern C:\MCC18\SRC\TRADIT~1\PROC\p18f8722.asm
              ECCP3ASbits   0x000f6a       data     extern C:\MCC18\SRC\TRADIT~1\PROC\p18f8722.asm
                 ECCP3CON   0x000fb7       data     extern C:\MCC18\SRC\TRADIT~1\PROC\p18f8722.asm
             ECCP3CONbits   0x000fb7       data     extern C:\MCC18\SRC\TRADIT~1\PROC\p18f8722.asm
                 ECCP3DEL   0x000f69       data     extern C:\MCC18\SRC\TRADIT~1\PROC\p18f8722.asm
             ECCP3DELbits   0x000f69       data     extern C:\MCC18\SRC\TRADIT~1\PROC\p18f8722.asm
                    EEADR   0x000fa9       data     extern C:\MCC18\SRC\TRADIT~1\PROC\p18f8722.asm
                   EEADRH   0x000faa       data     extern C:\MCC18\SRC\TRADIT~1\PROC\p18f8722.asm
                   EECON1   0x000fa6       data     extern C:\MCC18\SRC\TRADIT~1\PROC\p18f8722.asm
               EECON1bits   0x000fa6       data     extern C:\MCC18\SRC\TRADIT~1\PROC\p18f8722.asm
                   EECON2   0x000fa7       data     extern C:\MCC18\SRC\TRADIT~1\PROC\p18f8722.asm
                   EEDATA   0x000fa8       data     extern C:\MCC18\SRC\TRADIT~1\PROC\p18f8722.asm
          Encoder_1_Count   0x0002bf       data     extern C:\Users\Phil\Documents\UberBots\Old Robot Stuff\FRC\2007\PACode - 22007 FINAL\encoder.c
          Encoder_2_Count   0x0002c3       data     extern C:\Users\Phil\Documents\UberBots\Old Robot Stuff\FRC\2007\PACode - 22007 FINAL\encoder.c
                  FPFLAGS   0x000026       data     extern C:\MCC18\SRC\TRADIT~1\MATH\cmath18.asm
              FPFLAGSbits   0x000026       data     extern C:\MCC18\SRC\TRADIT~1\MATH\cmath18.asm
                     FSR0   0x000fe9       data     extern C:\MCC18\SRC\TRADIT~1\PROC\p18f8722.asm
                    FSR0H   0x000fea       data     extern C:\MCC18\SRC\TRADIT~1\PROC\p18f8722.asm
                    FSR0L   0x000fe9       data     extern C:\MCC18\SRC\TRADIT~1\PROC\p18f8722.asm
                     FSR1   0x000fe1       data     extern C:\MCC18\SRC\TRADIT~1\PROC\p18f8722.asm
                    FSR1H   0x000fe2       data     extern C:\MCC18\SRC\TRADIT~1\PROC\p18f8722.asm
                    FSR1L   0x000fe1       data     extern C:\MCC18\SRC\TRADIT~1\PROC\p18f8722.asm
                     FSR2   0x000fd9       data     extern C:\MCC18\SRC\TRADIT~1\PROC\p18f8722.asm
                    FSR2H   0x000fda       data     extern C:\MCC18\SRC\TRADIT~1\PROC\p18f8722.asm
                    FSR2L   0x000fd9       data     extern C:\MCC18\SRC\TRADIT~1\PROC\p18f8722.asm
                FSRH_temp   0x000004       data     static C:\mcc18\Projects\EduCode\Util_lib.asm
                FSRL_temp   0x000005       data     static C:\mcc18\Projects\EduCode\Util_lib.asm
                  HLVDCON   0x000fd2       data     extern C:\MCC18\SRC\TRADIT~1\PROC\p18f8722.asm
              HLVDCONbits   0x000fd2       data     extern C:\MCC18\SRC\TRADIT~1\PROC\p18f8722.asm
                        I   0x0002a4       data     static C:\mcc18\Projects\EduCode\ifi_library.c
                    INDF0   0x000fef       data     extern C:\MCC18\SRC\TRADIT~1\PROC\p18f8722.asm
                    INDF1   0x000fe7       data     extern C:\MCC18\SRC\TRADIT~1\PROC\p18f8722.asm
                    INDF2   0x000fdf       data     extern C:\MCC18\SRC\TRADIT~1\PROC\p18f8722.asm
                   INTCON   0x000ff2       data     extern C:\MCC18\SRC\TRADIT~1\PROC\p18f8722.asm
                  INTCON2   0x000ff1       data     extern C:\MCC18\SRC\TRADIT~1\PROC\p18f8722.asm
              INTCON2bits   0x000ff1       data     extern C:\MCC18\SRC\TRADIT~1\PROC\p18f8722.asm
                  INTCON3   0x000ff0       data     extern C:\MCC18\SRC\TRADIT~1\PROC\p18f8722.asm
              INTCON3bits   0x000ff0       data     extern C:\MCC18\SRC\TRADIT~1\PROC\p18f8722.asm
               INTCONbits   0x000ff2       data     extern C:\MCC18\SRC\TRADIT~1\PROC\p18f8722.asm
                     IPR1   0x000f9f       data     extern C:\MCC18\SRC\TRADIT~1\PROC\p18f8722.asm
                 IPR1bits   0x000f9f       data     extern C:\MCC18\SRC\TRADIT~1\PROC\p18f8722.asm
                     IPR2   0x000fa2       data     extern C:\MCC18\SRC\TRADIT~1\PROC\p18f8722.asm
                 IPR2bits   0x000fa2       data     extern C:\MCC18\SRC\TRADIT~1\PROC\p18f8722.asm
                     IPR3   0x000fa5       data     extern C:\MCC18\SRC\TRADIT~1\PROC\p18f8722.asm
                 IPR3bits   0x000fa5       data     extern C:\MCC18\SRC\TRADIT~1\PROC\p18f8722.asm
                     LATA   0x000f89       data     extern C:\MCC18\SRC\TRADIT~1\PROC\p18f8722.asm
                 LATAbits   0x000f89       data     extern C:\MCC18\SRC\TRADIT~1\PROC\p18f8722.asm
                     LATB   0x000f8a       data     extern C:\MCC18\SRC\TRADIT~1\PROC\p18f8722.asm
                 LATBbits   0x000f8a       data     extern C:\MCC18\SRC\TRADIT~1\PROC\p18f8722.asm
                     LATC   0x000f8b       data     extern C:\MCC18\SRC\TRADIT~1\PROC\p18f8722.asm
                 LATCbits   0x000f8b       data     extern C:\MCC18\SRC\TRADIT~1\PROC\p18f8722.asm
                     LATD   0x000f8c       data     extern C:\MCC18\SRC\TRADIT~1\PROC\p18f8722.asm
                 LATDbits   0x000f8c       data     extern C:\MCC18\SRC\TRADIT~1\PROC\p18f8722.asm
                     LATE   0x000f8d       data     extern C:\MCC18\SRC\TRADIT~1\PROC\p18f8722.asm
                 LATEbits   0x000f8d       data     extern C:\MCC18\SRC\TRADIT~1\PROC\p18f8722.asm
                     LATF   0x000f8e       data     extern C:\MCC18\SRC\TRADIT~1\PROC\p18f8722.asm
                 LATFbits   0x000f8e       data     extern C:\MCC18\SRC\TRADIT~1\PROC\p18f8722.asm
                     LATG   0x000f8f       data     extern C:\MCC18\SRC\TRADIT~1\PROC\p18f8722.asm
                 LATGbits   0x000f8f       data     extern C:\MCC18\SRC\TRADIT~1\PROC\p18f8722.asm
                     LATH   0x000f90       data     extern C:\MCC18\SRC\TRADIT~1\PROC\p18f8722.asm
                 LATHbits   0x000f90       data     extern C:\MCC18\SRC\TRADIT~1\PROC\p18f8722.asm
                     LATJ   0x000f91       data     extern C:\MCC18\SRC\TRADIT~1\PROC\p18f8722.asm
                 LATJbits   0x000f91       data     extern C:\MCC18\SRC\TRADIT~1\PROC\p18f8722.asm
                   LVDCON   0x000fd2       data     extern C:\MCC18\SRC\TRADIT~1\PROC\p18f8722.asm
               LVDCONbits   0x000fd2       data     extern C:\MCC18\SRC\TRADIT~1\PROC\p18f8722.asm
                   MEMCON   0x000f9c       data     extern C:\MCC18\SRC\TRADIT~1\PROC\p18f8722.asm
               MEMCONbits   0x000f9c       data     extern C:\MCC18\SRC\TRADIT~1\PROC\p18f8722.asm
                Mr_Roboto   0x00019e       data     extern C:\Users\Phil\Documents\UberBots\Old Robot Stuff\FRC\2007\PACode - 22007 FINAL\user_routines.c
                   OSCCON   0x000fd3       data     extern C:\MCC18\SRC\TRADIT~1\PROC\p18f8722.asm
               OSCCONbits   0x000fd3       data     extern C:\MCC18\SRC\TRADIT~1\PROC\p18f8722.asm
                  OSCTUNE   0x000f9b       data     extern C:\MCC18\SRC\TRADIT~1\PROC\p18f8722.asm
              OSCTUNEbits   0x000f9b       data     extern C:\MCC18\SRC\TRADIT~1\PROC\p18f8722.asm
               Old_Port_B   0x0002c7       data     extern C:\Users\Phil\Documents\UberBots\Old Robot Stuff\FRC\2007\PACode - 22007 FINAL\encoder.c
                       PC   0x000ff9       data     extern C:\MCC18\SRC\TRADIT~1\PROC\p18f8722.asm
                      PCL   0x000ff9       data     extern C:\MCC18\SRC\TRADIT~1\PROC\p18f8722.asm
                   PCLATH   0x000ffa       data     extern C:\MCC18\SRC\TRADIT~1\PROC\p18f8722.asm
                   PCLATU   0x000ffb       data     extern C:\MCC18\SRC\TRADIT~1\PROC\p18f8722.asm
                     PIE1   0x000f9d       data     extern C:\MCC18\SRC\TRADIT~1\PROC\p18f8722.asm
                 PIE1bits   0x000f9d       data     extern C:\MCC18\SRC\TRADIT~1\PROC\p18f8722.asm
                     PIE2   0x000fa0       data     extern C:\MCC18\SRC\TRADIT~1\PROC\p18f8722.asm
                 PIE2bits   0x000fa0       data     extern C:\MCC18\SRC\TRADIT~1\PROC\p18f8722.asm
                     PIE3   0x000fa3       data     extern C:\MCC18\SRC\TRADIT~1\PROC\p18f8722.asm
                 PIE3bits   0x000fa3       data     extern C:\MCC18\SRC\TRADIT~1\PROC\p18f8722.asm
                     PIR1   0x000f9e       data     extern C:\MCC18\SRC\TRADIT~1\PROC\p18f8722.asm
                 PIR1bits   0x000f9e       data     extern C:\MCC18\SRC\TRADIT~1\PROC\p18f8722.asm
                     PIR2   0x000fa1       data     extern C:\MCC18\SRC\TRADIT~1\PROC\p18f8722.asm
                 PIR2bits   0x000fa1       data     extern C:\MCC18\SRC\TRADIT~1\PROC\p18f8722.asm
                     PIR3   0x000fa4       data     extern C:\MCC18\SRC\TRADIT~1\PROC\p18f8722.asm
                 PIR3bits   0x000fa4       data     extern C:\MCC18\SRC\TRADIT~1\PROC\p18f8722.asm
                   PLUSW0   0x000feb       data     extern C:\MCC18\SRC\TRADIT~1\PROC\p18f8722.asm
                   PLUSW1   0x000fe3       data     extern C:\MCC18\SRC\TRADIT~1\PROC\p18f8722.asm
                   PLUSW2   0x000fdb       data     extern C:\MCC18\SRC\TRADIT~1\PROC\p18f8722.asm
                    PORTA   0x000f80       data     extern C:\MCC18\SRC\TRADIT~1\PROC\p18f8722.asm
                PORTAbits   0x000f80       data     extern C:\MCC18\SRC\TRADIT~1\PROC\p18f8722.asm
                    PORTB   0x000f81       data     extern C:\MCC18\SRC\TRADIT~1\PROC\p18f8722.asm
                PORTBbits   0x000f81       data     extern C:\MCC18\SRC\TRADIT~1\PROC\p18f8722.asm
                    PORTC   0x000f82       data     extern C:\MCC18\SRC\TRADIT~1\PROC\p18f8722.asm
                PORTCbits   0x000f82       data     extern C:\MCC18\SRC\TRADIT~1\PROC\p18f8722.asm
                    PORTD   0x000f83       data     extern C:\MCC18\SRC\TRADIT~1\PROC\p18f8722.asm
                PORTDbits   0x000f83       data     extern C:\MCC18\SRC\TRADIT~1\PROC\p18f8722.asm
                    PORTE   0x000f84       data     extern C:\MCC18\SRC\TRADIT~1\PROC\p18f8722.asm
                PORTEbits   0x000f84       data     extern C:\MCC18\SRC\TRADIT~1\PROC\p18f8722.asm
                    PORTF   0x000f85       data     extern C:\MCC18\SRC\TRADIT~1\PROC\p18f8722.asm
                PORTFbits   0x000f85       data     extern C:\MCC18\SRC\TRADIT~1\PROC\p18f8722.asm
                    PORTG   0x000f86       data     extern C:\MCC18\SRC\TRADIT~1\PROC\p18f8722.asm
                PORTGbits   0x000f86       data     extern C:\MCC18\SRC\TRADIT~1\PROC\p18f8722.asm
                    PORTH   0x000f87       data     extern C:\MCC18\SRC\TRADIT~1\PROC\p18f8722.asm
                PORTHbits   0x000f87       data     extern C:\MCC18\SRC\TRADIT~1\PROC\p18f8722.asm
                    PORTJ   0x000f88       data     extern C:\MCC18\SRC\TRADIT~1\PROC\p18f8722.asm
                PORTJbits   0x000f88       data     extern C:\MCC18\SRC\TRADIT~1\PROC\p18f8722.asm
               PORT_TRASH   0x000012       data     static C:\mcc18\Projects\EduCode\Util_lib.asm
                 POSTDEC0   0x000fed       data     extern C:\MCC18\SRC\TRADIT~1\PROC\p18f8722.asm
                 POSTDEC1   0x000fe5       data     extern C:\MCC18\SRC\TRADIT~1\PROC\p18f8722.asm
                 POSTDEC2   0x000fdd       data     extern C:\MCC18\SRC\TRADIT~1\PROC\p18f8722.asm
                 POSTINC0   0x000fee       data     extern C:\MCC18\SRC\TRADIT~1\PROC\p18f8722.asm
                 POSTINC1   0x000fe6       data     extern C:\MCC18\SRC\TRADIT~1\PROC\p18f8722.asm
                 POSTINC2   0x000fde       data     extern C:\MCC18\SRC\TRADIT~1\PROC\p18f8722.asm
                      PR2   0x000fcb       data     extern C:\MCC18\SRC\TRADIT~1\PROC\p18f8722.asm
                      PR4   0x000f77       data     extern C:\MCC18\SRC\TRADIT~1\PROC\p18f8722.asm
                  PREINC0   0x000fec       data     extern C:\MCC18\SRC\TRADIT~1\PROC\p18f8722.asm
                  PREINC1   0x000fe4       data     extern C:\MCC18\SRC\TRADIT~1\PROC\p18f8722.asm
                  PREINC2   0x000fdc       data     extern C:\MCC18\SRC\TRADIT~1\PROC\p18f8722.asm
                     PROD   0x000ff3       data     extern C:\MCC18\SRC\TRADIT~1\PROC\p18f8722.asm
                    PRODH   0x000ff4       data     extern C:\MCC18\SRC\TRADIT~1\PROC\p18f8722.asm
                    PRODL   0x000ff3       data     extern C:\MCC18\SRC\TRADIT~1\PROC\p18f8722.asm
                   PSPCON   0x000fb0       data     extern C:\MCC18\SRC\TRADIT~1\PROC\p18f8722.asm
               PSPCONbits   0x000fb0       data     extern C:\MCC18\SRC\TRADIT~1\PROC\p18f8722.asm
           PWMdisableMask   0x000016       data     extern C:\mcc18\Projects\EduCode\Util_lib.asm
                     RCON   0x000fd0       data     extern C:\MCC18\SRC\TRADIT~1\PROC\p18f8722.asm
                 RCONbits   0x000fd0       data     extern C:\MCC18\SRC\TRADIT~1\PROC\p18f8722.asm
                    RCREG   0x000fae       data     extern C:\MCC18\SRC\TRADIT~1\PROC\p18f8722.asm
                   RCREG1   0x000fae       data     extern C:\MCC18\SRC\TRADIT~1\PROC\p18f8722.asm
                   RCREG2   0x000f6e       data     extern C:\MCC18\SRC\TRADIT~1\PROC\p18f8722.asm
                    RCSTA   0x000fab       data     extern C:\MCC18\SRC\TRADIT~1\PROC\p18f8722.asm
                   RCSTA1   0x000fab       data     extern C:\MCC18\SRC\TRADIT~1\PROC\p18f8722.asm
               RCSTA1bits   0x000fab       data     extern C:\MCC18\SRC\TRADIT~1\PROC\p18f8722.asm
                   RCSTA2   0x000f6b       data     extern C:\MCC18\SRC\TRADIT~1\PROC\p18f8722.asm
               RCSTA2bits   0x000f6b       data     extern C:\MCC18\SRC\TRADIT~1\PROC\p18f8722.asm
                RCSTAbits   0x000fab       data     extern C:\MCC18\SRC\TRADIT~1\PROC\p18f8722.asm
                    REMB0   0x00001a       data     extern C:\MCC18\SRC\TRADIT~1\MATH\aarg.asm
                    REMB1   0x000019       data     extern C:\MCC18\SRC\TRADIT~1\MATH\aarg.asm
                    REMB2   0x000018       data     extern C:\MCC18\SRC\TRADIT~1\MATH\aarg.asm
                    REMB3   0x000017       data     extern C:\MCC18\SRC\TRADIT~1\MATH\aarg.asm
      RX_1_Framing_Errors   0x00027d       data     extern C:\Users\Phil\Documents\UberBots\Old Robot Stuff\FRC\2007\PACode - 22007 FINAL\serial_ports.c
      RX_1_Overrun_Errors   0x00027c       data     extern C:\Users\Phil\Documents\UberBots\Old Robot Stuff\FRC\2007\PACode - 22007 FINAL\serial_ports.c
      RX_2_Framing_Errors   0x000289       data     extern C:\Users\Phil\Documents\UberBots\Old Robot Stuff\FRC\2007\PACode - 22007 FINAL\serial_ports.c
      RX_2_Overrun_Errors   0x000288       data     extern C:\Users\Phil\Documents\UberBots\Old Robot Stuff\FRC\2007\PACode - 22007 FINAL\serial_ports.c
               Rx_1_Queue   0x000100       data     extern C:\Users\Phil\Documents\UberBots\Old Robot Stuff\FRC\2007\PACode - 22007 FINAL\serial_ports.c
    Rx_1_Queue_Byte_Count   0x00027b       data     extern C:\Users\Phil\Documents\UberBots\Old Robot Stuff\FRC\2007\PACode - 22007 FINAL\serial_ports.c
         Rx_1_Queue_Empty   0x000278       data     extern C:\Users\Phil\Documents\UberBots\Old Robot Stuff\FRC\2007\PACode - 22007 FINAL\serial_ports.c
          Rx_1_Queue_Full   0x000277       data     extern C:\Users\Phil\Documents\UberBots\Old Robot Stuff\FRC\2007\PACode - 22007 FINAL\serial_ports.c
    Rx_1_Queue_Read_Index   0x000279       data     extern C:\Users\Phil\Documents\UberBots\Old Robot Stuff\FRC\2007\PACode - 22007 FINAL\serial_ports.c
   Rx_1_Queue_Write_Index   0x00027a       data     extern C:\Users\Phil\Documents\UberBots\Old Robot Stuff\FRC\2007\PACode - 22007 FINAL\serial_ports.c
               Rx_2_Queue   0x000140       data     extern C:\Users\Phil\Documents\UberBots\Old Robot Stuff\FRC\2007\PACode - 22007 FINAL\serial_ports.c
    Rx_2_Queue_Byte_Count   0x000287       data     extern C:\Users\Phil\Documents\UberBots\Old Robot Stuff\FRC\2007\PACode - 22007 FINAL\serial_ports.c
         Rx_2_Queue_Empty   0x000284       data     extern C:\Users\Phil\Documents\UberBots\Old Robot Stuff\FRC\2007\PACode - 22007 FINAL\serial_ports.c
          Rx_2_Queue_Full   0x000283       data     extern C:\Users\Phil\Documents\UberBots\Old Robot Stuff\FRC\2007\PACode - 22007 FINAL\serial_ports.c
    Rx_2_Queue_Read_Index   0x000285       data     extern C:\Users\Phil\Documents\UberBots\Old Robot Stuff\FRC\2007\PACode - 22007 FINAL\serial_ports.c
   Rx_2_Queue_Write_Index   0x000286       data     extern C:\Users\Phil\Documents\UberBots\Old Robot Stuff\FRC\2007\PACode - 22007 FINAL\serial_ports.c
                     SIGN   0x000025       data     extern C:\MCC18\SRC\TRADIT~1\MATH\cmath18.asm
                    SPBRG   0x000faf       data     extern C:\MCC18\SRC\TRADIT~1\PROC\p18f8722.asm
                   SPBRG1   0x000faf       data     extern C:\MCC18\SRC\TRADIT~1\PROC\p18f8722.asm
                   SPBRG2   0x000f6f       data     extern C:\MCC18\SRC\TRADIT~1\PROC\p18f8722.asm
                   SPBRGH   0x000f7f       data     extern C:\MCC18\SRC\TRADIT~1\PROC\p18f8722.asm
                  SPBRGH1   0x000f7f       data     extern C:\MCC18\SRC\TRADIT~1\PROC\p18f8722.asm
                  SPBRGH2   0x000f7d       data     extern C:\MCC18\SRC\TRADIT~1\PROC\p18f8722.asm
                  SSP1ADD   0x000fc8       data     extern C:\MCC18\SRC\TRADIT~1\PROC\p18f8722.asm
                  SSP1BUF   0x000fc9       data     extern C:\MCC18\SRC\TRADIT~1\PROC\p18f8722.asm
                 SSP1CON1   0x000fc6       data     extern C:\MCC18\SRC\TRADIT~1\PROC\p18f8722.asm
             SSP1CON1bits   0x000fc6       data     extern C:\MCC18\SRC\TRADIT~1\PROC\p18f8722.asm
                 SSP1CON2   0x000fc5       data     extern C:\MCC18\SRC\TRADIT~1\PROC\p18f8722.asm
             SSP1CON2bits   0x000fc5       data     extern C:\MCC18\SRC\TRADIT~1\PROC\p18f8722.asm
                 SSP1STAT   0x000fc7       data     extern C:\MCC18\SRC\TRADIT~1\PROC\p18f8722.asm
             SSP1STATbits   0x000fc7       data     extern C:\MCC18\SRC\TRADIT~1\PROC\p18f8722.asm
                  SSP2ADD   0x000f65       data     extern C:\MCC18\SRC\TRADIT~1\PROC\p18f8722.asm
                  SSP2BUF   0x000f66       data     extern C:\MCC18\SRC\TRADIT~1\PROC\p18f8722.asm
                 SSP2CON1   0x000f63       data     extern C:\MCC18\SRC\TRADIT~1\PROC\p18f8722.asm
             SSP2CON1bits   0x000f63       data     extern C:\MCC18\SRC\TRADIT~1\PROC\p18f8722.asm
                 SSP2CON2   0x000f62       data     extern C:\MCC18\SRC\TRADIT~1\PROC\p18f8722.asm
             SSP2CON2bits   0x000f62       data     extern C:\MCC18\SRC\TRADIT~1\PROC\p18f8722.asm
                 SSP2STAT   0x000f64       data     extern C:\MCC18\SRC\TRADIT~1\PROC\p18f8722.asm
             SSP2STATbits   0x000f64       data     extern C:\MCC18\SRC\TRADIT~1\PROC\p18f8722.asm
                   SSPADD   0x000fc8       data     extern C:\MCC18\SRC\TRADIT~1\PROC\p18f8722.asm
                   SSPBUF   0x000fc9       data     extern C:\MCC18\SRC\TRADIT~1\PROC\p18f8722.asm
                  SSPCON1   0x000fc6       data     extern C:\MCC18\SRC\TRADIT~1\PROC\p18f8722.asm
              SSPCON1bits   0x000fc6       data     extern C:\MCC18\SRC\TRADIT~1\PROC\p18f8722.asm
                  SSPCON2   0x000fc5       data     extern C:\MCC18\SRC\TRADIT~1\PROC\p18f8722.asm
              SSPCON2bits   0x000fc5       data     extern C:\MCC18\SRC\TRADIT~1\PROC\p18f8722.asm
                  SSPSTAT   0x000fc7       data     extern C:\MCC18\SRC\TRADIT~1\PROC\p18f8722.asm
              SSPSTATbits   0x000fc7       data     extern C:\MCC18\SRC\TRADIT~1\PROC\p18f8722.asm
                   STATUS   0x000fd8       data     extern C:\MCC18\SRC\TRADIT~1\PROC\p18f8722.asm
               STATUSbits   0x000fd8       data     extern C:\MCC18\SRC\TRADIT~1\PROC\p18f8722.asm
                   STKPTR   0x000ffc       data     extern C:\MCC18\SRC\TRADIT~1\PROC\p18f8722.asm
               STKPTRbits   0x000ffc       data     extern C:\MCC18\SRC\TRADIT~1\PROC\p18f8722.asm
                    T0CON   0x000fd5       data     extern C:\MCC18\SRC\TRADIT~1\PROC\p18f8722.asm
                T0CONbits   0x000fd5       data     extern C:\MCC18\SRC\TRADIT~1\PROC\p18f8722.asm
                    T1CON   0x000fcd       data     extern C:\MCC18\SRC\TRADIT~1\PROC\p18f8722.asm
                T1CONbits   0x000fcd       data     extern C:\MCC18\SRC\TRADIT~1\PROC\p18f8722.asm
                    T2CON   0x000fca       data     extern C:\MCC18\SRC\TRADIT~1\PROC\p18f8722.asm
                T2CONbits   0x000fca       data     extern C:\MCC18\SRC\TRADIT~1\PROC\p18f8722.asm
                    T3CON   0x000fb1       data     extern C:\MCC18\SRC\TRADIT~1\PROC\p18f8722.asm
                T3CONbits   0x000fb1       data     extern C:\MCC18\SRC\TRADIT~1\PROC\p18f8722.asm
                    T4CON   0x000f76       data     extern C:\MCC18\SRC\TRADIT~1\PROC\p18f8722.asm
                T4CONbits   0x000f76       data     extern C:\MCC18\SRC\TRADIT~1\PROC\p18f8722.asm
                   TABLAT   0x000ff5       data     extern C:\MCC18\SRC\TRADIT~1\PROC\p18f8722.asm
                   TBLPTR   0x000ff6       data     extern C:\MCC18\SRC\TRADIT~1\PROC\p18f8722.asm
                  TBLPTRH   0x000ff7       data     extern C:\MCC18\SRC\TRADIT~1\PROC\p18f8722.asm
                  TBLPTRL   0x000ff6       data     extern C:\MCC18\SRC\TRADIT~1\PROC\p18f8722.asm
                  TBLPTRU   0x000ff8       data     extern C:\MCC18\SRC\TRADIT~1\PROC\p18f8722.asm
                     TEMP   0x00002a       data     extern C:\MCC18\SRC\TRADIT~1\MATH\temparg.asm
                   TEMPB0   0x00002a       data     extern C:\MCC18\SRC\TRADIT~1\MATH\temparg.asm
                   TEMPB1   0x000029       data     extern C:\MCC18\SRC\TRADIT~1\MATH\temparg.asm
                   TEMPB2   0x000028       data     extern C:\MCC18\SRC\TRADIT~1\MATH\temparg.asm
                   TEMPB3   0x000027       data     extern C:\MCC18\SRC\TRADIT~1\MATH\temparg.asm
                    TMR0H   0x000fd7       data     extern C:\MCC18\SRC\TRADIT~1\PROC\p18f8722.asm
                    TMR0L   0x000fd6       data     extern C:\MCC18\SRC\TRADIT~1\PROC\p18f8722.asm
                    TMR1H   0x000fcf       data     extern C:\MCC18\SRC\TRADIT~1\PROC\p18f8722.asm
                    TMR1L   0x000fce       data     extern C:\MCC18\SRC\TRADIT~1\PROC\p18f8722.asm
                     TMR2   0x000fcc       data     extern C:\MCC18\SRC\TRADIT~1\PROC\p18f8722.asm
                    TMR3H   0x000fb3       data     extern C:\MCC18\SRC\TRADIT~1\PROC\p18f8722.asm
                    TMR3L   0x000fb2       data     extern C:\MCC18\SRC\TRADIT~1\PROC\p18f8722.asm
                     TMR4   0x000f78       data     extern C:\MCC18\SRC\TRADIT~1\PROC\p18f8722.asm
                      TOS   0x000ffd       data     extern C:\MCC18\SRC\TRADIT~1\PROC\p18f8722.asm
                     TOSH   0x000ffe       data     extern C:\MCC18\SRC\TRADIT~1\PROC\p18f8722.asm
                     TOSL   0x000ffd       data     extern C:\MCC18\SRC\TRADIT~1\PROC\p18f8722.asm
                     TOSU   0x000fff       data     extern C:\MCC18\SRC\TRADIT~1\PROC\p18f8722.asm
                    TRISA   0x000f92       data     extern C:\MCC18\SRC\TRADIT~1\PROC\p18f8722.asm
                TRISAbits   0x000f92       data     extern C:\MCC18\SRC\TRADIT~1\PROC\p18f8722.asm
                    TRISB   0x000f93       data     extern C:\MCC18\SRC\TRADIT~1\PROC\p18f8722.asm
                TRISBbits   0x000f93       data     extern C:\MCC18\SRC\TRADIT~1\PROC\p18f8722.asm
                    TRISC   0x000f94       data     extern C:\MCC18\SRC\TRADIT~1\PROC\p18f8722.asm
                TRISCbits   0x000f94       data     extern C:\MCC18\SRC\TRADIT~1\PROC\p18f8722.asm
                    TRISD   0x000f95       data     extern C:\MCC18\SRC\TRADIT~1\PROC\p18f8722.asm
                TRISDbits   0x000f95       data     extern C:\MCC18\SRC\TRADIT~1\PROC\p18f8722.asm
                    TRISE   0x000f96       data     extern C:\MCC18\SRC\TRADIT~1\PROC\p18f8722.asm
[...]
                    TRISC   0x000f94       data     extern C:\MCC18\SRC\TRADIT~1\PROC\p18f8722.asm
                TRISDbits   0x000f95       data     extern C:\MCC18\SRC\TRADIT~1\PROC\p18f8722.asm
                     DDRD   0x000f95       data     extern C:\MCC18\SRC\TRADIT~1\PROC\p18f8722.asm
                 DDRDbits   0x000f95       data     extern C:\MCC18\SRC\TRADIT~1\PROC\p18f8722.asm
                    TRISD   0x000f95       data     extern C:\MCC18\SRC\TRADIT~1\PROC\p18f8722.asm
                    TRISE   0x000f96       data     extern C:\MCC18\SRC\TRADIT~1\PROC\p18f8722.asm
                 DDREbits   0x000f96       data     extern C:\MCC18\SRC\TRADIT~1\PROC\p18f8722.asm
                     DDRE   0x000f96       data     extern C:\MCC18\SRC\TRADIT~1\PROC\p18f8722.asm
                TRISEbits   0x000f96       data     extern C:\MCC18\SRC\TRADIT~1\PROC\p18f8722.asm
                    TRISF   0x000f97       data     extern C:\MCC18\SRC\TRADIT~1\PROC\p18f8722.asm
                TRISFbits   0x000f97       data     extern C:\MCC18\SRC\TRADIT~1\PROC\p18f8722.asm
                     DDRF   0x000f97       data     extern C:\MCC18\SRC\TRADIT~1\PROC\p18f8722.asm
                 DDRFbits   0x000f97       data     extern C:\MCC18\SRC\TRADIT~1\PROC\p18f8722.asm
                TRISGbits   0x000f98       data     extern C:\MCC18\SRC\TRADIT~1\PROC\p18f8722.asm
                     DDRG   0x000f98       data     extern C:\MCC18\SRC\TRADIT~1\PROC\p18f8722.asm
                 DDRGbits   0x000f98       data     extern C:\MCC18\SRC\TRADIT~1\PROC\p18f8722.asm
                    TRISG   0x000f98       data     extern C:\MCC18\SRC\TRADIT~1\PROC\p18f8722.asm
                     DDRH   0x000f99       data     extern C:\MCC18\SRC\TRADIT~1\PROC\p18f8722.asm
                 DDRHbits   0x000f99       data     extern C:\MCC18\SRC\TRADIT~1\PROC\p18f8722.asm
                    TRISH   0x000f99       data     extern C:\MCC18\SRC\TRADIT~1\PROC\p18f8722.asm
                TRISHbits   0x000f99       data     extern C:\MCC18\SRC\TRADIT~1\PROC\p18f8722.asm
                    TRISJ   0x000f9a       data     extern C:\MCC18\SRC\TRADIT~1\PROC\p18f8722.asm
                TRISJbits   0x000f9a       data     extern C:\MCC18\SRC\TRADIT~1\PROC\p18f8722.asm
                 DDRJbits   0x000f9a       data     extern C:\MCC18\SRC\TRADIT~1\PROC\p18f8722.asm
                     DDRJ   0x000f9a       data     extern C:\MCC18\SRC\TRADIT~1\PROC\p18f8722.asm
                  OSCTUNE   0x000f9b       data     extern C:\MCC18\SRC\TRADIT~1\PROC\p18f8722.asm
              OSCTUNEbits   0x000f9b       data     extern C:\MCC18\SRC\TRADIT~1\PROC\p18f8722.asm
               MEMCONbits   0x000f9c       data     extern C:\MCC18\SRC\TRADIT~1\PROC\p18f8722.asm
                   MEMCON   0x000f9c       data     extern C:\MCC18\SRC\TRADIT~1\PROC\p18f8722.asm
                     PIE1   0x000f9d       data     extern C:\MCC18\SRC\TRADIT~1\PROC\p18f8722.asm
                 PIE1bits   0x000f9d       data     extern C:\MCC18\SRC\TRADIT~1\PROC\p18f8722.asm
                     PIR1   0x000f9e       data     extern C:\MCC18\SRC\TRADIT~1\PROC\p18f8722.asm
                 PIR1bits   0x000f9e       data     extern C:\MCC18\SRC\TRADIT~1\PROC\p18f8722.asm
                     IPR1   0x000f9f       data     extern C:\MCC18\SRC\TRADIT~1\PROC\p18f8722.asm
                 IPR1bits   0x000f9f       data     extern C:\MCC18\SRC\TRADIT~1\PROC\p18f8722.asm
                     PIE2   0x000fa0       data     extern C:\MCC18\SRC\TRADIT~1\PROC\p18f8722.asm
                 PIE2bits   0x000fa0       data     extern C:\MCC18\SRC\TRADIT~1\PROC\p18f8722.asm
                     PIR2   0x000fa1       data     extern C:\MCC18\SRC\TRADIT~1\PROC\p18f8722.asm
                 PIR2bits   0x000fa1       data     extern C:\MCC18\SRC\TRADIT~1\PROC\p18f8722.asm
                 IPR2bits   0x000fa2       data     extern C:\MCC18\SRC\TRADIT~1\PROC\p18f8722.asm
                     IPR2   0x000fa2       data     extern C:\MCC18\SRC\TRADIT~1\PROC\p18f8722.asm
                     PIE3   0x000fa3       data     extern C:\MCC18\SRC\TRADIT~1\PROC\p18f8722.asm
                 PIE3bits   0x000fa3       data     extern C:\MCC18\SRC\TRADIT~1\PROC\p18f8722.asm
                     PIR3   0x000fa4       data     extern C:\MCC18\SRC\TRADIT~1\PROC\p18f8722.asm
                 PIR3bits   0x000fa4       data     extern C:\MCC18\SRC\TRADIT~1\PROC\p18f8722.asm
                     IPR3   0x000fa5       data     extern C:\MCC18\SRC\TRADIT~1\PROC\p18f8722.asm
                 IPR3bits   0x000fa5       data     extern C:\MCC18\SRC\TRADIT~1\PROC\p18f8722.asm
               EECON1bits   0x000fa6       data     extern C:\MCC18\SRC\TRADIT~1\PROC\p18f8722.asm
                   EECON1   0x000fa6       data     extern C:\MCC18\SRC\TRADIT~1\PROC\p18f8722.asm
                   EECON2   0x000fa7       data     extern C:\MCC18\SRC\TRADIT~1\PROC\p18f8722.asm
                   EEDATA   0x000fa8       data     extern C:\MCC18\SRC\TRADIT~1\PROC\p18f8722.asm
                    EEADR   0x000fa9       data     extern C:\MCC18\SRC\TRADIT~1\PROC\p18f8722.asm
                   EEADRH   0x000faa       data     extern C:\MCC18\SRC\TRADIT~1\PROC\p18f8722.asm
                    RCSTA   0x000fab       data     extern C:\MCC18\SRC\TRADIT~1\PROC\p18f8722.asm
                   RCSTA1   0x000fab       data     extern C:\MCC18\SRC\TRADIT~1\PROC\p18f8722.asm
               RCSTA1bits   0x000fab       data     extern C:\MCC18\SRC\TRADIT~1\PROC\p18f8722.asm
                RCSTAbits   0x000fab       data     extern C:\MCC18\SRC\TRADIT~1\PROC\p18f8722.asm
                TXSTAbits   0x000fac       data     extern C:\MCC18\SRC\TRADIT~1\PROC\p18f8722.asm
               TXSTA1bits   0x000fac       data     extern C:\MCC18\SRC\TRADIT~1\PROC\p18f8722.asm
                   TXSTA1   0x000fac       data     extern C:\MCC18\SRC\TRADIT~1\PROC\p18f8722.asm
                    TXSTA   0x000fac       data     extern C:\MCC18\SRC\TRADIT~1\PROC\p18f8722.asm
                   TXREG1   0x000fad       data     extern C:\MCC18\SRC\TRADIT~1\PROC\p18f8722.asm
                    TXREG   0x000fad       data     extern C:\MCC18\SRC\TRADIT~1\PROC\p18f8722.asm
                    RCREG   0x000fae       data     extern C:\MCC18\SRC\TRADIT~1\PROC\p18f8722.asm
                   RCREG1   0x000fae       data     extern C:\MCC18\SRC\TRADIT~1\PROC\p18f8722.asm
                    SPBRG   0x000faf       data     extern C:\MCC18\SRC\TRADIT~1\PROC\p18f8722.asm
                   SPBRG1   0x000faf       data     extern C:\MCC18\SRC\TRADIT~1\PROC\p18f8722.asm
               PSPCONbits   0x000fb0       data     extern C:\MCC18\SRC\TRADIT~1\PROC\p18f8722.asm
                   PSPCON   0x000fb0       data     extern C:\MCC18\SRC\TRADIT~1\PROC\p18f8722.asm
                T3CONbits   0x000fb1       data     extern C:\MCC18\SRC\TRADIT~1\PROC\p18f8722.asm
                    T3CON   0x000fb1       data     extern C:\MCC18\SRC\TRADIT~1\PROC\p18f8722.asm
                    TMR3L   0x000fb2       data     extern C:\MCC18\SRC\TRADIT~1\PROC\p18f8722.asm
                    TMR3H   0x000fb3       data     extern C:\MCC18\SRC\TRADIT~1\PROC\p18f8722.asm
                    CMCON   0x000fb4       data     extern C:\MCC18\SRC\TRADIT~1\PROC\p18f8722.asm
                CMCONbits   0x000fb4       data     extern C:\MCC18\SRC\TRADIT~1\PROC\p18f8722.asm
               CVRCONbits   0x000fb5       data     extern C:\MCC18\SRC\TRADIT~1\PROC\p18f8722.asm
                   CVRCON   0x000fb5       data     extern C:\MCC18\SRC\TRADIT~1\PROC\p18f8722.asm
                  ECCP1AS   0x000fb6       data     extern C:\MCC18\SRC\TRADIT~1\PROC\p18f8722.asm
              ECCP1ASbits   0x000fb6       data     extern C:\MCC18\SRC\TRADIT~1\PROC\p18f8722.asm
             ECCP3CONbits   0x000fb7       data     extern C:\MCC18\SRC\TRADIT~1\PROC\p18f8722.asm
                 ECCP3CON   0x000fb7       data     extern C:\MCC18\SRC\TRADIT~1\PROC\p18f8722.asm
                  CCP3CON   0x000fb7       data     extern C:\MCC18\SRC\TRADIT~1\PROC\p18f8722.asm
              CCP3CONbits   0x000fb7       data     extern C:\MCC18\SRC\TRADIT~1\PROC\p18f8722.asm
                    CCPR3   0x000fb8       data     extern C:\MCC18\SRC\TRADIT~1\PROC\p18f8722.asm
                   CCPR3L   0x000fb8       data     extern C:\MCC18\SRC\TRADIT~1\PROC\p18f8722.asm
                   CCPR3H   0x000fb9       data     extern C:\MCC18\SRC\TRADIT~1\PROC\p18f8722.asm
                 ECCP2CON   0x000fba       data     extern C:\MCC18\SRC\TRADIT~1\PROC\p18f8722.asm
              CCP2CONbits   0x000fba       data     extern C:\MCC18\SRC\TRADIT~1\PROC\p18f8722.asm
             ECCP2CONbits   0x000fba       data     extern C:\MCC18\SRC\TRADIT~1\PROC\p18f8722.asm
                  CCP2CON   0x000fba       data     extern C:\MCC18\SRC\TRADIT~1\PROC\p18f8722.asm
                    CCPR2   0x000fbb       data     extern C:\MCC18\SRC\TRADIT~1\PROC\p18f8722.asm
                   CCPR2L   0x000fbb       data     extern C:\MCC18\SRC\TRADIT~1\PROC\p18f8722.asm
                   CCPR2H   0x000fbc       data     extern C:\MCC18\SRC\TRADIT~1\PROC\p18f8722.asm
              CCP1CONbits   0x000fbd       data     extern C:\MCC18\SRC\TRADIT~1\PROC\p18f8722.asm
                  CCP1CON   0x000fbd       data     extern C:\MCC18\SRC\TRADIT~1\PROC\p18f8722.asm
                 ECCP1CON   0x000fbd       data     extern C:\MCC18\SRC\TRADIT~1\PROC\p18f8722.asm
             ECCP1CONbits   0x000fbd       data     extern C:\MCC18\SRC\TRADIT~1\PROC\p18f8722.asm
                   CCPR1L   0x000fbe       data     extern C:\MCC18\SRC\TRADIT~1\PROC\p18f8722.asm
                    CCPR1   0x000fbe       data     extern C:\MCC18\SRC\TRADIT~1\PROC\p18f8722.asm
                   CCPR1H   0x000fbf       data     extern C:\MCC18\SRC\TRADIT~1\PROC\p18f8722.asm
               ADCON2bits   0x000fc0       data     extern C:\MCC18\SRC\TRADIT~1\PROC\p18f8722.asm
                   ADCON2   0x000fc0       data     extern C:\MCC18\SRC\TRADIT~1\PROC\p18f8722.asm
                   ADCON1   0x000fc1       data     extern C:\MCC18\SRC\TRADIT~1\PROC\p18f8722.asm
               ADCON1bits   0x000fc1       data     extern C:\MCC18\SRC\TRADIT~1\PROC\p18f8722.asm
                   ADCON0   0x000fc2       data     extern C:\MCC18\SRC\TRADIT~1\PROC\p18f8722.asm
               ADCON0bits   0x000fc2       data     extern C:\MCC18\SRC\TRADIT~1\PROC\p18f8722.asm
                   ADRESL   0x000fc3       data     extern C:\MCC18\SRC\TRADIT~1\PROC\p18f8722.asm
                    ADRES   0x000fc3       data     extern C:\MCC18\SRC\TRADIT~1\PROC\p18f8722.asm
                   ADRESH   0x000fc4       data     extern C:\MCC18\SRC\TRADIT~1\PROC\p18f8722.asm
                 SSP1CON2   0x000fc5       data     extern C:\MCC18\SRC\TRADIT~1\PROC\p18f8722.asm
             SSP1CON2bits   0x000fc5       data     extern C:\MCC18\SRC\TRADIT~1\PROC\p18f8722.asm
              SSPCON2bits   0x000fc5       data     extern C:\MCC18\SRC\TRADIT~1\PROC\p18f8722.asm
                  SSPCON2   0x000fc5       data     extern C:\MCC18\SRC\TRADIT~1\PROC\p18f8722.asm
                 SSP1CON1   0x000fc6       data     extern C:\MCC18\SRC\TRADIT~1\PROC\p18f8722.asm
             SSP1CON1bits   0x000fc6       data     extern C:\MCC18\SRC\TRADIT~1\PROC\p18f8722.asm
                  SSPCON1   0x000fc6       data     extern C:\MCC18\SRC\TRADIT~1\PROC\p18f8722.asm
              SSPCON1bits   0x000fc6       data     extern C:\MCC18\SRC\TRADIT~1\PROC\p18f8722.asm
                  SSPSTAT   0x000fc7       data     extern C:\MCC18\SRC\TRADIT~1\PROC\p18f8722.asm
             SSP1STATbits   0x000fc7       data     extern C:\MCC18\SRC\TRADIT~1\PROC\p18f8722.asm
                 SSP1STAT   0x000fc7       data     extern C:\MCC18\SRC\TRADIT~1\PROC\p18f8722.asm
              SSPSTATbits   0x000fc7       data     extern C:\MCC18\SRC\TRADIT~1\PROC\p18f8722.asm
                   SSPADD   0x000fc8       data     extern C:\MCC18\SRC\TRADIT~1\PROC\p18f8722.asm
                  SSP1ADD   0x000fc8       data     extern C:\MCC18\SRC\TRADIT~1\PROC\p18f8722.asm
                   SSPBUF   0x000fc9       data     extern C:\MCC18\SRC\TRADIT~1\PROC\p18f8722.asm
                  SSP1BUF   0x000fc9       data     extern C:\MCC18\SRC\TRADIT~1\PROC\p18f8722.asm
                T2CONbits   0x000fca       data     extern C:\MCC18\SRC\TRADIT~1\PROC\p18f8722.asm
                    T2CON   0x000fca       data     extern C:\MCC18\SRC\TRADIT~1\PROC\p18f8722.asm
                      PR2   0x000fcb       data     extern C:\MCC18\SRC\TRADIT~1\PROC\p18f8722.asm
                     TMR2   0x000fcc       data     extern C:\MCC18\SRC\TRADIT~1\PROC\p18f8722.asm
                    T1CON   0x000fcd       data     extern C:\MCC18\SRC\TRADIT~1\PROC\p18f8722.asm
                T1CONbits   0x000fcd       data     extern C:\MCC18\SRC\TRADIT~1\PROC\p18f8722.asm
                    TMR1L   0x000fce       data     extern C:\MCC18\SRC\TRADIT~1\PROC\p18f8722.asm
                    TMR1H   0x000fcf       data     extern C:\MCC18\SRC\TRADIT~1\PROC\p18f8722.asm
                     RCON   0x000fd0       data     extern C:\MCC18\SRC\TRADIT~1\PROC\p18f8722.asm
                 RCONbits   0x000fd0       data     extern C:\MCC18\SRC\TRADIT~1\PROC\p18f8722.asm
                   WDTCON   0x000fd1       data     extern C:\MCC18\SRC\TRADIT~1\PROC\p18f8722.asm
               WDTCONbits   0x000fd1       data     extern C:\MCC18\SRC\TRADIT~1\PROC\p18f8722.asm
                  HLVDCON   0x000fd2       data     extern C:\MCC18\SRC\TRADIT~1\PROC\p18f8722.asm
              HLVDCONbits   0x000fd2       data     extern C:\MCC18\SRC\TRADIT~1\PROC\p18f8722.asm
               LVDCONbits   0x000fd2       data     extern C:\MCC18\SRC\TRADIT~1\PROC\p18f8722.asm
                   LVDCON   0x000fd2       data     extern C:\MCC18\SRC\TRADIT~1\PROC\p18f8722.asm
                   OSCCON   0x000fd3       data     extern C:\MCC18\SRC\TRADIT~1\PROC\p18f8722.asm
               OSCCONbits   0x000fd3       data     extern C:\MCC18\SRC\TRADIT~1\PROC\p18f8722.asm
                    T0CON   0x000fd5       data     extern C:\MCC18\SRC\TRADIT~1\PROC\p18f8722.asm
                T0CONbits   0x000fd5       data     extern C:\MCC18\SRC\TRADIT~1\PROC\p18f8722.asm
                    TMR0L   0x000fd6       data     extern C:\MCC18\SRC\TRADIT~1\PROC\p18f8722.asm
                    TMR0H   0x000fd7       data     extern C:\MCC18\SRC\TRADIT~1\PROC\p18f8722.asm
                   STATUS   0x000fd8       data     extern C:\MCC18\SRC\TRADIT~1\PROC\p18f8722.asm
               STATUSbits   0x000fd8       data     extern C:\MCC18\SRC\TRADIT~1\PROC\p18f8722.asm
                    FSR2L   0x000fd9       data     extern C:\MCC18\SRC\TRADIT~1\PROC\p18f8722.asm
                     FSR2   0x000fd9       data     extern C:\MCC18\SRC\TRADIT~1\PROC\p18f8722.asm
                    FSR2H   0x000fda       data     extern C:\MCC18\SRC\TRADIT~1\PROC\p18f8722.asm
                   PLUSW2   0x000fdb       data     extern C:\MCC18\SRC\TRADIT~1\PROC\p18f8722.asm
                  PREINC2   0x000fdc       data     extern C:\MCC18\SRC\TRADIT~1\PROC\p18f8722.asm
                 POSTDEC2   0x000fdd       data     extern C:\MCC18\SRC\TRADIT~1\PROC\p18f8722.asm
                 POSTINC2   0x000fde       data     extern C:\MCC18\SRC\TRADIT~1\PROC\p18f8722.asm
                    INDF2   0x000fdf       data     extern C:\MCC18\SRC\TRADIT~1\PROC\p18f8722.asm
                      BSR   0x000fe0       data     extern C:\MCC18\SRC\TRADIT~1\PROC\p18f8722.asm
                    FSR1L   0x000fe1       data     extern C:\MCC18\SRC\TRADIT~1\PROC\p18f8722.asm
                     FSR1   0x000fe1       data     extern C:\MCC18\SRC\TRADIT~1\PROC\p18f8722.asm
                    FSR1H   0x000fe2       data     extern C:\MCC18\SRC\TRADIT~1\PROC\p18f8722.asm
                   PLUSW1   0x000fe3       data     extern C:\MCC18\SRC\TRADIT~1\PROC\p18f8722.asm
                  PREINC1   0x000fe4       data     extern C:\MCC18\SRC\TRADIT~1\PROC\p18f8722.asm
                 POSTDEC1   0x000fe5       data     extern C:\MCC18\SRC\TRADIT~1\PROC\p18f8722.asm
                 POSTINC1   0x000fe6       data     extern C:\MCC18\SRC\TRADIT~1\PROC\p18f8722.asm
                    INDF1   0x000fe7       data     extern C:\MCC18\SRC\TRADIT~1\PROC\p18f8722.asm
                     WREG   0x000fe8       data     extern C:\MCC18\SRC\TRADIT~1\PROC\p18f8722.asm
                    FSR0L   0x000fe9       data     extern C:\MCC18\SRC\TRADIT~1\PROC\p18f8722.asm
                     FSR0   0x000fe9       data     extern C:\MCC18\SRC\TRADIT~1\PROC\p18f8722.asm
                    FSR0H   0x000fea       data     extern C:\MCC18\SRC\TRADIT~1\PROC\p18f8722.asm
                   PLUSW0   0x000feb       data     extern C:\MCC18\SRC\TRADIT~1\PROC\p18f8722.asm
                  PREINC0   0x000fec       data     extern C:\MCC18\SRC\TRADIT~1\PROC\p18f8722.asm
                 POSTDEC0   0x000fed       data     extern C:\MCC18\SRC\TRADIT~1\PROC\p18f8722.asm
                 POSTINC0   0x000fee       data     extern C:\MCC18\SRC\TRADIT~1\PROC\p18f8722.asm
                    INDF0   0x000fef       data     extern C:\MCC18\SRC\TRADIT~1\PROC\p18f8722.asm
                  INTCON3   0x000ff0       data     extern C:\MCC18\SRC\TRADIT~1\PROC\p18f8722.asm
              INTCON3bits   0x000ff0       data     extern C:\MCC18\SRC\TRADIT~1\PROC\p18f8722.asm
              INTCON2bits   0x000ff1       data     extern C:\MCC18\SRC\TRADIT~1\PROC\p18f8722.asm
                  INTCON2   0x000ff1       data     extern C:\MCC18\SRC\TRADIT~1\PROC\p18f8722.asm
               INTCONbits   0x000ff2       data     extern C:\MCC18\SRC\TRADIT~1\PROC\p18f8722.asm
                   INTCON   0x000ff2       data     extern C:\MCC18\SRC\TRADIT~1\PROC\p18f8722.asm
                     PROD   0x000ff3       data     extern C:\MCC18\SRC\TRADIT~1\PROC\p18f8722.asm
                    PRODL   0x000ff3       data     extern C:\MCC18\SRC\TRADIT~1\PROC\p18f8722.asm
                    PRODH   0x000ff4       data     extern C:\MCC18\SRC\TRADIT~1\PROC\p18f8722.asm
                   TABLAT   0x000ff5       data     extern C:\MCC18\SRC\TRADIT~1\PROC\p18f8722.asm
                  TBLPTRL   0x000ff6       data     extern C:\MCC18\SRC\TRADIT~1\PROC\p18f8722.asm
                   TBLPTR   0x000ff6       data     extern C:\MCC18\SRC\TRADIT~1\PROC\p18f8722.asm
                  TBLPTRH   0x000ff7       data     extern C:\MCC18\SRC\TRADIT~1\PROC\p18f8722.asm
                  TBLPTRU   0x000ff8       data     extern C:\MCC18\SRC\TRADIT~1\PROC\p18f8722.asm
                      PCL   0x000ff9       data     extern C:\MCC18\SRC\TRADIT~1\PROC\p18f8722.asm
                       PC   0x000ff9       data     extern C:\MCC18\SRC\TRADIT~1\PROC\p18f8722.asm
                   PCLATH   0x000ffa       data     extern C:\MCC18\SRC\TRADIT~1\PROC\p18f8722.asm
                   PCLATU   0x000ffb       data     extern C:\MCC18\SRC\TRADIT~1\PROC\p18f8722.asm
                   STKPTR   0x000ffc       data     extern C:\MCC18\SRC\TRADIT~1\PROC\p18f8722.asm
               STKPTRbits   0x000ffc       data     extern C:\MCC18\SRC\TRADIT~1\PROC\p18f8722.asm
                      TOS   0x000ffd       data     extern C:\MCC18\SRC\TRADIT~1\PROC\p18f8722.asm
                     TOSL   0x000ffd       data     extern C:\MCC18\SRC\TRADIT~1\PROC\p18f8722.asm
                     TOSH   0x000ffe       data     extern C:\MCC18\SRC\TRADIT~1\PROC\p18f8722.asm
                     TOSU   0x000fff       data     extern C:\MCC18\SRC\TRADIT~1\PROC\p18f8722.asm


